Component: ARM Compiler 5.06 update 6 (build 750) Tool: armlink [4d35ed]

==============================================================================

Section Cross References

    uart_polling.o(i.putc) refers to uart_polling.o(i.uart_put_string) for uart_put_string
    uart_polling.o(i.putc) refers to uart_polling.o(i.uart_put_char) for uart_put_char
    uart_polling.o(i.uart_put_string) refers to uart_polling.o(i.uart_put_char) for uart_put_char
    uart_irq.o(i.UART0_IRQHandler) refers to k_mem.o(i.k_mpool_alloc) for k_mpool_alloc
    uart_irq.o(i.UART0_IRQHandler) refers to k_msg.o(i.irq_send_to_KCD) for irq_send_to_KCD
    uart_irq.o(i.UART0_IRQHandler) refers to printf.o(i.tfp_printf) for tfp_printf
    uart_irq.o(i.UART0_IRQHandler) refers to k_mem.o(i.k_mpool_dealloc) for k_mpool_dealloc
    uart_irq.o(i.UART0_IRQHandler) refers to k_msg.o(i.irq_receive) for irq_receive
    uart_irq.o(i.UART0_IRQHandler) refers to k_task.o(i.k_tsk_yield) for k_tsk_yield
    uart_irq.o(i.UART0_IRQHandler) refers to uart_irq.o(.data) for g_tx_irq
    uart_irq.o(i.UART0_IRQHandler) refers to uart_irq.o(.bss) for g_buffer
    uart_irq.o(i.uart_irq_init) refers to uart_irq.o(i.__NVIC_EnableIRQ) for __NVIC_EnableIRQ
    uart_irq.o(.data) refers to uart_irq.o(.bss) for g_buffer
    timer.o(i.TIMER0_IRQHandler) refers to timer.o(i.get_tick) for get_tick
    timer.o(i.TIMER0_IRQHandler) refers to ready_queue.o(i.enqueue_front) for enqueue_front
    timer.o(i.TIMER0_IRQHandler) refers to ready_queue.o(i.dequeue) for dequeue
    timer.o(i.TIMER0_IRQHandler) refers to edf.o(i.timeval_to_tick) for timeval_to_tick
    timer.o(i.TIMER0_IRQHandler) refers to ready_queue.o(i.insert_rt_queue) for insert_rt_queue
    timer.o(i.TIMER0_IRQHandler) refers to k_task.o(i.k_tsk_run_new) for k_tsk_run_new
    timer.o(i.TIMER0_IRQHandler) refers to timer.o(.data) for t_last_interrupt
    timer.o(i.TIMER0_IRQHandler) refers to k_task.o(.data) for gp_current_task
    timer.o(i.TIMER0_IRQHandler) refers to k_rtx_init.o(.data) for susQueue
    timer.o(i.TIMER0_IRQHandler) refers to k_rtx_init.o(.bss) for rQueues
    timer.o(i.timer_irq_init) refers to timer.o(.data) for g_timer_count
    hal.o(i.SVC_Handler) refers to k_rtx_init.o(i.k_rtx_init) for k_rtx_init
    hal.o(i.SVC_Handler) refers to k_mem.o(i.k_mpool_alloc) for k_mpool_alloc
    hal.o(i.SVC_Handler) refers to k_mem.o(i.k_mpool_dealloc) for k_mpool_dealloc
    hal.o(i.SVC_Handler) refers to k_mem.o(i.k_mpool_dump) for k_mpool_dump
    hal.o(i.SVC_Handler) refers to k_task.o(i.k_tsk_create) for k_tsk_create
    hal.o(i.SVC_Handler) refers to k_task.o(i.k_tsk_exit) for k_tsk_exit
    hal.o(i.SVC_Handler) refers to k_task.o(i.k_tsk_yield) for k_tsk_yield
    hal.o(i.SVC_Handler) refers to k_task.o(i.k_tsk_set_prio) for k_tsk_set_prio
    hal.o(i.SVC_Handler) refers to k_task.o(i.k_tsk_get) for k_tsk_get
    hal.o(i.SVC_Handler) refers to k_task.o(i.k_tsk_gettid) for k_tsk_gettid
    hal.o(i.SVC_Handler) refers to k_task.o(i.k_tsk_ls) for k_tsk_ls
    hal.o(i.SVC_Handler) refers to k_msg.o(i.k_mbx_create) for k_mbx_create
    hal.o(i.SVC_Handler) refers to k_msg.o(i.k_send_msg) for k_send_msg
    hal.o(i.SVC_Handler) refers to k_msg.o(i.k_send_msg_nb) for k_send_msg_nb
    hal.o(i.SVC_Handler) refers to k_msg.o(i.k_recv_msg) for k_recv_msg
    hal.o(i.SVC_Handler) refers to k_msg.o(i.k_recv_msg_nb) for k_recv_msg_nb
    hal.o(i.SVC_Handler) refers to k_msg.o(i.k_mbx_ls) for k_mbx_ls
    hal.o(i.SVC_Handler) refers to k_msg.o(i.k_mbx_get) for k_mbx_get
    hal.o(i.SVC_Handler) refers to k_task.o(i.k_rt_tsk_set) for k_rt_tsk_set
    hal.o(i.SVC_Handler) refers to k_task.o(i.k_rt_tsk_susp) for k_rt_tsk_susp
    hal.o(i.SVC_Handler) refers to k_task.o(i.k_rt_tsk_get) for k_rt_tsk_get
    k_mem.o(i.k_alloc_p_stack) refers to k_rtx_init.o(.data) for errno
    k_mem.o(i.k_alloc_p_stack) refers to k_mem.o(.bss) for g_p_stacks
    k_mem.o(i.k_mem_init) refers to k_mem.o(i.k_mpool_create) for k_mpool_create
    k_mem.o(i.k_mpool_alloc) refers to buddy_system.o(i.get_pool_size) for get_pool_size
    k_mem.o(i.k_mpool_alloc) refers to buddy_system.o(i.get_level) for get_level
    k_mem.o(i.k_mpool_alloc) refers to buddy_system.o(i.get_idx) for get_idx
    k_mem.o(i.k_mpool_alloc) refers to bitheap.o(i.set_bit) for set_bit
    k_mem.o(i.k_mpool_alloc) refers to free_list.o(i.delete_node) for delete_node
    k_mem.o(i.k_mpool_alloc) refers to buddy_system.o(i.get_addr) for get_addr
    k_mem.o(i.k_mpool_alloc) refers to free_list.o(i.insert_node) for insert_node
    k_mem.o(i.k_mpool_alloc) refers to k_mem.o(.bss) for heap_1
    k_mem.o(i.k_mpool_alloc) refers to k_rtx_init.o(.data) for errno
    k_mem.o(i.k_mpool_create) refers to k_rtx_init.o(.data) for errno
    k_mem.o(i.k_mpool_create) refers to k_mem.o(.bss) for flist_1
    k_mem.o(i.k_mpool_dealloc) refers to buddy_system.o(i.get_start_addr) for get_start_addr
[...]
    dc.s                                     0x00000000   Number         0  dc.o ABSOLUTE
    src\\ae\\ae_tasks9_G33.c                 0x00000000   Number         0  ae_tasks9_g33.o ABSOLUTE
    src\\bsp\\LPC1768\\timer.c               0x00000000   Number         0  timer.o ABSOLUTE
    src\\bsp\\LPC1768\\uart_irq.c            0x00000000   Number         0  uart_irq.o ABSOLUTE
    src\\bsp\\LPC1768\\uart_polling.c        0x00000000   Number         0  uart_polling.o ABSOLUTE
    src\\kernel\\HAL.c                       0x00000000   Number         0  hal.o ABSOLUTE
    src\\kernel\\bitheap.c                   0x00000000   Number         0  bitheap.o ABSOLUTE
    src\\kernel\\buddy_system.c              0x00000000   Number         0  buddy_system.o ABSOLUTE
    src\\kernel\\edf.c                       0x00000000   Number         0  edf.o ABSOLUTE
    src\\kernel\\free_list.c                 0x00000000   Number         0  free_list.o ABSOLUTE
    src\\kernel\\k_mem.c                     0x00000000   Number         0  k_mem.o ABSOLUTE
    src\\kernel\\k_msg.c                     0x00000000   Number         0  k_msg.o ABSOLUTE
    src\\kernel\\k_rtx_init.c                0x00000000   Number         0  k_rtx_init.o ABSOLUTE
    src\\kernel\\k_task.c                    0x00000000   Number         0  k_task.o ABSOLUTE
    src\\kernel\\ready_queue.c               0x00000000   Number         0  ready_queue.o ABSOLUTE
    src\\kernel\\ring_buffer.c               0x00000000   Number         0  ring_buffer.o ABSOLUTE
    src\\main.c                              0x00000000   Number         0  main.o ABSOLUTE
    src\\tasks\\cdisp_task.c                 0x00000000   Number         0  cdisp_task.o ABSOLUTE
    src\\tasks\\null_task.c                  0x00000000   Number         0  null_task.o ABSOLUTE
    src\ae\ae.c                              0x00000000   Number         0  ae.o ABSOLUTE
    src\ae\ae_tasks9_G33.c                   0x00000000   Number         0  ae_tasks9_g33.o ABSOLUTE
    src\ae\ae_util.c                         0x00000000   Number         0  ae_util.o ABSOLUTE
    src\bsp\LPC1768\timer.c                  0x00000000   Number         0  timer.o ABSOLUTE
    src\bsp\LPC1768\uart_irq.c               0x00000000   Number         0  uart_irq.o ABSOLUTE
    src\bsp\LPC1768\uart_polling.c           0x00000000   Number         0  uart_polling.o ABSOLUTE
    src\kernel\HAL.c                         0x00000000   Number         0  hal.o ABSOLUTE
    src\kernel\bitheap.c                     0x00000000   Number         0  bitheap.o ABSOLUTE
    src\kernel\buddy_system.c                0x00000000   Number         0  buddy_system.o ABSOLUTE
    src\kernel\edf.c                         0x00000000   Number         0  edf.o ABSOLUTE
    src\kernel\free_list.c                   0x00000000   Number         0  free_list.o ABSOLUTE
    src\kernel\k_mem.c                       0x00000000   Number         0  k_mem.o ABSOLUTE
    src\kernel\k_msg.c                       0x00000000   Number         0  k_msg.o ABSOLUTE
    src\kernel\k_rtx_init.c                  0x00000000   Number         0  k_rtx_init.o ABSOLUTE
    src\kernel\k_task.c                      0x00000000   Number         0  k_task.o ABSOLUTE
    src\kernel\ready_queue.c                 0x00000000   Number         0  ready_queue.o ABSOLUTE
    src\kernel\ring_buffer.c                 0x00000000   Number         0  ring_buffer.o ABSOLUTE
    src\libu\printf.c                        0x00000000   Number         0  printf.o ABSOLUTE
    src\main.c                               0x00000000   Number         0  main.o ABSOLUTE
    src\tasks\cdisp_task.c                   0x00000000   Number         0  cdisp_task.o ABSOLUTE
    src\tasks\kcd_task.c                     0x00000000   Number         0  kcd_task.o ABSOLUTE
    src\tasks\null_task.c                    0x00000000   Number         0  null_task.o ABSOLUTE
    src\tasks\wall_clock_task.c              0x00000000   Number         0  wall_clock_task.o ABSOLUTE
    !!!main                                  0x000000cc   Section        8  __main.o(!!!main)
    !!!scatter                               0x000000d4   Section       52  __scatter.o(!!!scatter)
    !!handler_copy                           0x00000108   Section       26  __scatter_copy.o(!!handler_copy)
    !!handler_zi                             0x00000124   Section       28  __scatter_zi.o(!!handler_zi)
    .ARM.Collect$$libinit$$00000000          0x00000140   Section        2  libinit.o(.ARM.Collect$$libinit$$00000000)
    .ARM.Collect$$libinit$$00000002          0x00000142   Section        0  libinit2.o(.ARM.Collect$$libinit$$00000002)
    .ARM.Collect$$libinit$$00000004          0x00000142   Section        0  libinit2.o(.ARM.Collect$$libinit$$00000004)
    .ARM.Collect$$libinit$$0000000A          0x00000142   Section        0  libinit2.o(.ARM.Collect$$libinit$$0000000A)
    .ARM.Collect$$libinit$$0000000C          0x00000142   Section        0  libinit2.o(.ARM.Collect$$libinit$$0000000C)
    .ARM.Collect$$libinit$$0000000E          0x00000142   Section        0  libinit2.o(.ARM.Collect$$libinit$$0000000E)
    .ARM.Collect$$libinit$$00000011          0x00000142   Section        0  libinit2.o(.ARM.Collect$$libinit$$00000011)
    .ARM.Collect$$libinit$$00000013          0x00000142   Section        0  libinit2.o(.ARM.Collect$$libinit$$00000013)
    .ARM.Collect$$libinit$$00000015          0x00000142   Section        0  libinit2.o(.ARM.Collect$$libinit$$00000015)
    .ARM.Collect$$libinit$$00000017          0x00000142   Section        0  libinit2.o(.ARM.Collect$$libinit$$00000017)
    .ARM.Collect$$libinit$$00000019          0x00000142   Section        0  libinit2.o(.ARM.Collect$$libinit$$00000019)
    .ARM.Collect$$libinit$$0000001B          0x00000142   Section        0  libinit2.o(.ARM.Collect$$libinit$$0000001B)
    .ARM.Collect$$libinit$$0000001D          0x00000142   Section        0  libinit2.o(.ARM.Collect$$libinit$$0000001D)
    .ARM.Collect$$libinit$$0000001F          0x00000142   Section        0  libinit2.o(.ARM.Collect$$libinit$$0000001F)
    .ARM.Collect$$libinit$$00000021          0x00000142   Section        0  libinit2.o(.ARM.Collect$$libinit$$00000021)
    .ARM.Collect$$libinit$$00000023          0x00000142   Section        0  libinit2.o(.ARM.Collect$$libinit$$00000023)
    .ARM.Collect$$libinit$$00000025          0x00000142   Section        0  libinit2.o(.ARM.Collect$$libinit$$00000025)
    .ARM.Collect$$libinit$$0000002C          0x00000142   Section        0  libinit2.o(.ARM.Collect$$libinit$$0000002C)
    .ARM.Collect$$libinit$$0000002E          0x00000142   Section        0  libinit2.o(.ARM.Collect$$libinit$$0000002E)
    .ARM.Collect$$libinit$$00000030          0x00000142   Section        0  libinit2.o(.ARM.Collect$$libinit$$00000030)
    .ARM.Collect$$libinit$$00000032          0x00000142   Section        0  libinit2.o(.ARM.Collect$$libinit$$00000032)
    .ARM.Collect$$libinit$$00000033          0x00000142   Section        2  libinit2.o(.ARM.Collect$$libinit$$00000033)
    .ARM.Collect$$libshutdown$$00000000      0x00000144   Section        2  libshutdown.o(.ARM.Collect$$libshutdown$$00000000)
    .ARM.Collect$$libshutdown$$00000002      0x00000146   Section        0  libshutdown2.o(.ARM.Collect$$libshutdown$$00000002)
    .ARM.Collect$$libshutdown$$00000004      0x00000146   Section        0  libshutdown2.o(.ARM.Collect$$libshutdown$$00000004)
    .ARM.Collect$$libshutdown$$00000007      0x00000146   Section        0  libshutdown2.o(.ARM.Collect$$libshutdown$$00000007)
    .ARM.Collect$$libshutdown$$0000000A      0x00000146   Section        0  libshutdown2.o(.ARM.Collect$$libshutdown$$0000000A)
    .ARM.Collect$$libshutdown$$0000000C      0x00000146   Section        0  libshutdown2.o(.ARM.Collect$$libshutdown$$0000000C)
    .ARM.Collect$$libshutdown$$0000000F      0x00000146   Section        0  libshutdown2.o(.ARM.Collect$$libshutdown$$0000000F)
    .ARM.Collect$$libshutdown$$00000010      0x00000146   Section        2  libshutdown2.o(.ARM.Collect$$libshutdown$$00000010)
    .ARM.Collect$$rtentry$$00000000          0x00000148   Section        0  __rtentry.o(.ARM.Collect$$rtentry$$00000000)
    .ARM.Collect$$rtentry$$00000002          0x00000148   Section        0  __rtentry2.o(.ARM.Collect$$rtentry$$00000002)
    .ARM.Collect$$rtentry$$00000004          0x00000148   Section        6  __rtentry4.o(.ARM.Collect$$rtentry$$00000004)
    .ARM.Collect$$rtentry$$00000009          0x0000014e   Section        0  __rtentry2.o(.ARM.Collect$$rtentry$$00000009)
    .ARM.Collect$$rtentry$$0000000A          0x0000014e   Section        4  __rtentry2.o(.ARM.Collect$$rtentry$$0000000A)
    .ARM.Collect$$rtentry$$0000000C          0x00000152   Section        0  __rtentry2.o(.ARM.Collect$$rtentry$$0000000C)
    .ARM.Collect$$rtentry$$0000000D          0x00000152   Section        8  __rtentry2.o(.ARM.Collect$$rtentry$$0000000D)
    .ARM.Collect$$rtexit$$00000000           0x0000015a   Section        2  rtexit.o(.ARM.Collect$$rtexit$$00000000)
    .ARM.Collect$$rtexit$$00000002           0x0000015c   Section        0  rtexit2.o(.ARM.Collect$$rtexit$$00000002)
    .ARM.Collect$$rtexit$$00000003           0x0000015c   Section        4  rtexit2.o(.ARM.Collect$$rtexit$$00000003)
    .ARM.Collect$$rtexit$$00000004           0x00000160   Section        6  rtexit2.o(.ARM.Collect$$rtexit$$00000004)
    .emb_text                                0x00000168   Section        8  hal.o(.emb_text)
    .emb_text                                0x00000170   Section       50  k_task.o(.emb_text)
    .text                                    0x000001a4   Section       60  startup_lpc17xx.o(.text)
    .text                                    0x000001e0   Section      100  rt_memcpy_w.o(.text)
    .text                                    0x00000244   Section       78  rt_memclr_w.o(.text)
    .text                                    0x00000292   Section        0  heapauxi.o(.text)
    .text                                    0x00000298   Section       74  sys_stackheap_outer.o(.text)
    .text                                    0x000002e2   Section        0  exit.o(.text)
    .text                                    0x000002f4   Section        8  libspace.o(.text)
    .ARM.__at_0x02FC                         0x000002fc   Section        4  startup_lpc17xx.o(.ARM.__at_0x02FC)
    .text                                    0x00000300   Section        0  sys_exit.o(.text)
    .text                                    0x0000030c   Section        2  use_no_semi.o(.text)
    .text                                    0x0000030e   Section        0  indicate_semi.o(.text)
    i.HardFault_Handler                      0x00000310   Section        0  ae_util.o(i.HardFault_Handler)
    i.SVC_Handler                            0x00000340   Section        0  hal.o(i.SVC_Handler)
    i.SystemInit                             0x00000468   Section        0  system_lpc17xx.o(i.SystemInit)
    i.TIMER0_IRQHandler                      0x000005a8   Section        0  timer.o(i.TIMER0_IRQHandler)
    i.UART0_IRQHandler                       0x0000069c   Section        0  uart_irq.o(i.UART0_IRQHandler)
    i.__NVIC_EnableIRQ                       0x00000814   Section        0  uart_irq.o(i.__NVIC_EnableIRQ)
    __NVIC_EnableIRQ                         0x00000815   Thumb Code    34  uart_irq.o(i.__NVIC_EnableIRQ)
    i.a2d                                    0x00000836   Section        0  printf.o(i.a2d)
    a2d                                      0x00000837   Thumb Code    50  printf.o(i.a2d)
    i.a2i                                    0x00000868   Section        0  printf.o(i.a2i)
    a2i                                      0x00000869   Thumb Code    58  printf.o(i.a2i)
    i.ae_exit                                0x000008a2   Section        0  ae.o(i.ae_exit)
    i.ae_init                                0x000008a6   Section        0  ae.o(i.ae_init)
    i.ae_set_init_tasks_info                 0x000008d6   Section        0  ae.o(i.ae_set_init_tasks_info)
    i.ae_set_sys_info                        0x000008ec   Section        0  ae.o(i.ae_set_sys_info)
    i.alphaNumToOffset                       0x00000902   Section        0  kcd_task.o(i.alphaNumToOffset)
    i.append_to_order                        0x00000938   Section        0  ae_tasks9_g33.o(i.append_to_order)
    i.count_set_bits                         0x00000958   Section        0  ae_util.o(i.count_set_bits)
    i.delete_node                            0x0000096a   Section        0  free_list.o(i.delete_node)
    i.dequeue                                0x00000990   Section        0  ready_queue.o(i.dequeue)
    i.doDisplay                              0x000009e4   Section        0  wall_clock_task.o(i.doDisplay)
    i.doResetArrows                          0x00000ab0   Section        0  wall_clock_task.o(i.doResetArrows)
    i.doWR                                   0x00000acc   Section        0  wall_clock_task.o(i.doWR)
    doWR                                     0x00000acd   Thumb Code    14  wall_clock_task.o(i.doWR)
    i.doWS                                   0x00000adc   Section        0  wall_clock_task.o(i.doWS)
    doWS                                     0x00000add   Thumb Code   126  wall_clock_task.o(i.doWS)
    i.doWT                                   0x00000b68   Section        0  wall_clock_task.o(i.doWT)
    doWT                                     0x00000b69   Thumb Code    22  wall_clock_task.o(i.doWT)
    i.enqueue                                0x00000b84   Section        0  ready_queue.o(i.enqueue)
    i.enqueue_front                          0x00000bd2   Section        0  ready_queue.o(i.enqueue_front)
    i.findEnd                                0x00000c30   Section        0  kcd_task.o(i.findEnd)
    findEnd                                  0x00000c31   Thumb Code    12  kcd_task.o(i.findEnd)
    i.free_node                              0x00000c3c   Section        0  free_list.o(i.free_node)
    i.gen_req0                               0x00000c44   Section        0  ae_tasks9_g33.o(i.gen_req0)
    i.getClockCommand                        0x00000c9c   Section        0  wall_clock_task.o(i.getClockCommand)
    getClockCommand                          0x00000c9d   Thumb Code    14  wall_clock_task.o(i.getClockCommand)
    i.get_addr                               0x00000cac   Section        0  buddy_system.o(i.get_addr)
    i.get_bit                                0x00000d18   Section        0  bitheap.o(i.get_bit)
    i.get_block_size                         0x00000d2c   Section        0  buddy_system.o(i.get_block_size)
    i.get_buddy_idx                          0x00000d44   Section        0  buddy_system.o(i.get_buddy_idx)
    i.get_depth                              0x00000d5c   Section        0  buddy_system.o(i.get_depth)
    i.get_end_addr                           0x00000db8   Section        0  buddy_system.o(i.get_end_addr)
    i.get_idx                                0x00000de0   Section        0  buddy_system.o(i.get_idx)
    i.get_level                              0x00000e48   Section        0  buddy_system.o(i.get_level)
    i.get_num_jobs                           0x00000e84   Section        0  edf.o(i.get_num_jobs)
    i.get_pool_size                          0x00000ea4   Section        0  buddy_system.o(i.get_pool_size)
    i.get_prio_idx                           0x00000ec4   Section        0  ready_queue.o(i.get_prio_idx)
    i.get_start_addr                         0x00000f24   Section        0  buddy_system.o(i.get_start_addr)
    i.get_tick                               0x00000f4c   Section        0  timer.o(i.get_tick)
    i.get_tree_height                        0x00000f94   Section        0  buddy_system.o(i.get_tree_height)
    i.handleMail                             0x00000fb4   Section        0  wall_clock_task.o(i.handleMail)
    handleMail                               0x00000fb5   Thumb Code   150  wall_clock_task.o(i.handleMail)
    i.i2a                                    0x0000104a   Section        0  printf.o(i.i2a)
    i2a                                      0x0000104b   Thumb Code    32  printf.o(i.i2a)
    i.init_ae_tsk_test                       0x0000106c   Section        0  ae_tasks9_g33.o(i.init_ae_tsk_test)
    i.init_printf                            0x000010e8   Section        0  printf.o(i.init_printf)
    i.insert_node                            0x000010fc   Section        0  free_list.o(i.insert_node)
    i.insert_rt_queue                        0x00001140   Section        0  ready_queue.o(i.insert_rt_queue)
    i.irq_receive                            0x000011b0   Section        0  k_msg.o(i.irq_receive)
    i.irq_send_to_KCD                        0x000011e8   Section        0  k_msg.o(i.irq_send_to_KCD)
    i.isNumChar                              0x00001254   Section        0  wall_clock_task.o(i.isNumChar)
    isNumChar                                0x00001255   Thumb Code    18  wall_clock_task.o(i.isNumChar)
    i.k_alloc_p_stack                        0x00001268   Section        0  k_mem.o(i.k_alloc_p_stack)
    i.k_con_init                             0x00001294   Section        0  k_task.o(i.k_con_init)
    i.k_kcd_init                             0x000012b0   Section        0  k_task.o(i.k_kcd_init)
    i.k_mbx_create                           0x000012cc   Section        0  k_msg.o(i.k_mbx_create)
    i.k_mbx_get                              0x00001340   Section        0  k_msg.o(i.k_mbx_get)
    i.k_mbx_ls                               0x0000138c   Section        0  k_msg.o(i.k_mbx_ls)
    i.k_mem_init                             0x000013e8   Section        0  k_mem.o(i.k_mem_init)
    i.k_mpool_alloc                          0x00001428   Section        0  k_mem.o(i.k_mpool_alloc)
    i.k_mpool_create                         0x00001510   Section        0  k_mem.o(i.k_mpool_create)
    i.k_mpool_dealloc                        0x000015c0   Section        0  k_mem.o(i.k_mpool_dealloc)
    i.k_mpool_dump                           0x000016ec   Section        0  k_mem.o(i.k_mpool_dump)
    i.k_pre_rtx_init                         0x00001778   Section        0  k_rtx_init.o(i.k_pre_rtx_init)
    i.k_recv_msg                             0x0000179c   Section        0  k_msg.o(i.k_recv_msg)
    i.k_recv_msg_nb                          0x00001810   Section        0  k_msg.o(i.k_recv_msg_nb)
    i.k_rt_tsk_get                           0x000018d0   Section        0  k_task.o(i.k_rt_tsk_get)
    i.k_rt_tsk_set                           0x00001934   Section        0  k_task.o(i.k_rt_tsk_set)
    i.k_rt_tsk_susp                          0x000019bc   Section        0  k_task.o(i.k_rt_tsk_susp)
    i.k_rtx_init                             0x00001a94   Section        0  k_rtx_init.o(i.k_rtx_init)
    i.k_send_msg                             0x00001c18   Section        0  k_msg.o(i.k_send_msg)
    i.k_send_msg_nb                          0x00001d70   Section        0  k_msg.o(i.k_send_msg_nb)
    i.k_tsk_create                           0x00001eb8   Section        0  k_task.o(i.k_tsk_create)
    i.k_tsk_create_new                       0x00001f88   Section        0  k_task.o(i.k_tsk_create_new)
    i.k_tsk_exit                             0x000020b4   Section        0  k_task.o(i.k_tsk_exit)
    i.k_tsk_get                              0x00002138   Section        0  k_task.o(i.k_tsk_get)
    i.k_tsk_gettid                           0x000021c4   Section        0  k_task.o(i.k_tsk_gettid)
    i.k_tsk_init                             0x000021d4   Section        0  k_task.o(i.k_tsk_init)
    i.k_tsk_init_first                       0x00002318   Section        0  k_task.o(i.k_tsk_init_first)
    i.k_tsk_ls                               0x00002334   Section        0  k_task.o(i.k_tsk_ls)
    i.k_tsk_run_new                          0x0000238c   Section        0  k_task.o(i.k_tsk_run_new)
    i.k_tsk_set_prio                         0x000023e4   Section        0  k_task.o(i.k_tsk_set_prio)
    i.k_tsk_yield                            0x00002560   Section        0  k_task.o(i.k_tsk_yield)
    i.k_wallclk_init                         0x0000258c   Section        0  k_task.o(i.k_wallclk_init)
    i.main                                   0x000025a8   Section        0  main.o(i.main)
    i.missed_deadline                        0x00002620   Section        0  edf.o(i.missed_deadline)
    i.obtainTask                             0x00002638   Section        0  kcd_task.o(i.obtainTask)
    i.popData_RingBuffer                     0x00002650   Section        0  ring_buffer.o(i.popData_RingBuffer)
    i.popMessage_RingBuffer                  0x0000269a   Section        0  ring_buffer.o(i.popMessage_RingBuffer)
    i.print_and_count_list                   0x000026dc   Section        0  free_list.o(i.print_and_count_list)
    i.print_log                              0x00002720   Section        0  ae_util.o(i.print_log)
    i.print_results                          0x00002790   Section        0  ae_util.o(i.print_results)
    i.print_summary                          0x000028b0   Section        0  ae_util.o(i.print_summary)
    i.processKeyIn                           0x000028dc   Section        0  kcd_task.o(i.processKeyIn)
    i.processLCommand                        0x000029ac   Section        0  kcd_task.o(i.processLCommand)
    i.processRegister                        0x00002b34   Section        0  kcd_task.o(i.processRegister)
    i.processString                          0x00002b5e   Section        0  kcd_task.o(i.processString)
    i.process_sub_result                     0x00002c10   Section        0  ae_util.o(i.process_sub_result)
    i.pushData_RingBuffer                    0x00002c48   Section        0  ring_buffer.o(i.pushData_RingBuffer)
    i.putc                                   0x00002c8c   Section        0  uart_polling.o(i.putc)
    i.putchw                                 0x00002cd0   Section        0  printf.o(i.putchw)
    putchw                                   0x00002cd1   Thumb Code    82  printf.o(i.putchw)
    i.putcp                                  0x00002d22   Section        0  printf.o(i.putcp)
    putcp                                    0x00002d23   Thumb Code    10  printf.o(i.putcp)
    i.readMessageSize_RingBuffer             0x00002d2c   Section        0  ring_buffer.o(i.readMessageSize_RingBuffer)
    i.registerTask                           0x00002d48   Section        0  kcd_task.o(i.registerTask)
    i.remove_from_queue                      0x00002d60   Section        0  ready_queue.o(i.remove_from_queue)
    i.reset_clock                            0x00002dc8   Section        0  wall_clock_task.o(i.reset_clock)
    reset_clock                              0x00002dc9   Thumb Code    16  wall_clock_task.o(i.reset_clock)
    i.scheduler                              0x00002de4   Section        0  k_task.o(i.scheduler)
    i.scheduler_waiting                      0x00002e14   Section        0  k_msg.o(i.scheduler_waiting)
    i.send_error                             0x00002e80   Section        0  kcd_task.o(i.send_error)
    i.setClockText                           0x00002ef4   Section        0  wall_clock_task.o(i.setClockText)
    i.set_ae_init_tasks                      0x00002f80   Section        0  ae_tasks9_g33.o(i.set_ae_init_tasks)
    i.set_ae_tasks                           0x00002f9c   Section        0  ae_tasks9_g33.o(i.set_ae_tasks)
    i.set_bit                                0x00002fe8   Section        0  bitheap.o(i.set_bit)
    i.stateToChar                            0x0000300c   Section        0  kcd_task.o(i.stateToChar)
    i.strcpy                                 0x0000301c   Section        0  wall_clock_task.o(i.strcpy)
    strcpy                                   0x0000301d   Thumb Code    16  wall_clock_task.o(i.strcpy)
    i.strcpy                                 0x0000302c   Section        0  ae_util.o(i.strcpy)
    i.strlen                                 0x0000304c   Section        0  kcd_task.o(i.strlen)
    strlen                                   0x0000304d   Thumb Code    16  kcd_task.o(i.strlen)
    i.strlen                                 0x0000305c   Section        0  wall_clock_task.o(i.strlen)
    strlen                                   0x0000305d   Thumb Code    16  wall_clock_task.o(i.strlen)
    i.task1                                  0x0000306c   Section        0  ae_tasks9_g33.o(i.task1)
    i.task2                                  0x000033cc   Section        0  ae_tasks9_g33.o(i.task2)
    i.task_cdisp                             0x000036ac   Section        0  cdisp_task.o(i.task_cdisp)
    i.task_kcd                               0x00003768   Section        0  kcd_task.o(i.task_kcd)
    i.task_null                              0x000037d0   Section        0  null_task.o(i.task_null)
    i.task_wall_clock                        0x000037d8   Section        0  wall_clock_task.o(i.task_wall_clock)
    i.test_abort                             0x00003880   Section        0  ae_util.o(i.test_abort)
    i.test_exit                              0x000038ec   Section        0  ae_util.o(i.test_exit)
    i.tfp_format                             0x00003910   Section        0  printf.o(i.tfp_format)
    i.tfp_printf                             0x00003a38   Section        0  printf.o(i.tfp_printf)
    i.tfp_sprintf                            0x00003a64   Section        0  printf.o(i.tfp_sprintf)
    i.tick                                   0x00003a90   Section        0  wall_clock_task.o(i.tick)
    tick                                     0x00003a91   Thumb Code    68  wall_clock_task.o(i.tick)
    i.timer_freerun_init                     0x00003ae0   Section        0  timer.o(i.timer_freerun_init)
    i.timer_irq_init                         0x00003b78   Section        0  timer.o(i.timer_irq_init)
    i.timeval_to_tick                        0x00003bf8   Section        0  edf.o(i.timeval_to_tick)
    i.uart_init                              0x00003c2c   Section        0  uart_polling.o(i.uart_init)
    i.uart_irq_init                          0x00003c98   Section        0  uart_irq.o(i.uart_irq_init)
    i.uart_put_char                          0x00003d54   Section        0  uart_polling.o(i.uart_put_char)
    i.uart_put_string                        0x00003d88   Section        0  uart_polling.o(i.uart_put_string)
    i.ui2a                                   0x00003dae   Section        0  printf.o(i.ui2a)
    ui2a                                     0x00003daf   Thumb Code    86  printf.o(i.ui2a)
    i.update_exec_seq                        0x00003e04   Section        0  ae_tasks9_g33.o(i.update_exec_seq)
    i.validateArgFormatWS                    0x00003e48   Section        0  wall_clock_task.o(i.validateArgFormatWS)
    validateArgFormatWS                      0x00003e49   Thumb Code   106  wall_clock_task.o(i.validateArgFormatWS)
    i.validateCommand                        0x00003eb2   Section        0  kcd_task.o(i.validateCommand)
    i.validateCommandWRTRegister             0x00003ed6   Section        0  kcd_task.o(i.validateCommandWRTRegister)
    .constdata                               0x00003f08   Section        8  wall_clock_task.o(.constdata)
    .constdata                               0x00003f10   Section       40  ae_tasks9_g33.o(.constdata)
    .conststring                             0x00003f38   Section       21  kcd_task.o(.conststring)
    .conststring                             0x00003f50   Section       16  wall_clock_task.o(.conststring)
    .conststring                             0x00003f60   Section       67  ae_tasks9_g33.o(.conststring)
    .data                                    0x10000000   Section       16  uart_irq.o(.data)
    gp_buffer                                0x10000000   Data           4  uart_irq.o(.data)
    msg_iterator                             0x10000008   Data           1  uart_irq.o(.data)
    recv_header                              0x1000000c   Data           4  uart_irq.o(.data)
    .data                                    0x10000010   Section       12  timer.o(.data)
    .data                                    0x1000001c   Section        4  k_mem.o(.data)
    .data                                    0x10000020   Section       12  k_rtx_init.o(.data)
    .data                                    0x1000002c   Section        8  k_task.o(.data)
    .data                                    0x10000034   Section        8  printf.o(.data)
    stdout_putf                              0x10000034   Data           4  printf.o(.data)
    stdout_putp                              0x10000038   Data           4  printf.o(.data)
    .data                                    0x1000003c   Section       92  kcd_task.o(.data)
    table                                    0x10000080   Data          24  kcd_task.o(.data)
    .data                                    0x10000098   Section       28  wall_clock_task.o(.data)
    alive                                    0x10000098   Data           4  wall_clock_task.o(.data)
    hours                                    0x1000009c   Data           1  wall_clock_task.o(.data)
    minutes                                  0x1000009d   Data           1  wall_clock_task.o(.data)
    seconds                                  0x1000009e   Data           1  wall_clock_task.o(.data)
    doDisplayClock                           0x1000009f   Data           1  wall_clock_task.o(.data)
    msgBuff                                  0x100000a0   Data           9  wall_clock_task.o(.data)
    prefixControlSequence                    0x100000ac   Data           4  wall_clock_task.o(.data)
    postfixControlSequence                   0x100000b0   Data           4  wall_clock_task.o(.data)
    .data                                    0x100000b4   Section       16  main.o(.data)
    sys                                      0x100000b4   Data           8  main.o(.data)
    p_tasks                                  0x100000bc   Data           4  main.o(.data)
    num                                      0x100000c0   Data           4  main.o(.data)
    .data                                    0x100000c4   Section       32  ae_tasks9_g33.o(.data)
    order                                    0x100000c4   Data           4  ae_tasks9_g33.o(.data)
    .bss                                     0x100000e4   Section      128  uart_irq.o(.bss)
    .bss                                     0x10000168   Section     1976  k_mem.o(.bss)
    .bss                                     0x10000920   Section      700  k_rtx_init.o(.bss)
    .bss                                     0x10000be0   Section     1664  k_task.o(.bss)
    .bss                                     0x10001260   Section       64  kcd_task.o(.bss)
    .bss                                     0x100012a0   Section       96  libspace.o(.bss)
    .bss                                     0x10001300   Section      226  ae_tasks9_g33.o(.bss)
    HEAP                                     0x100013e8   Section        0  startup_lpc17xx.o(HEAP)
    STACK                                    0x100013e8   Section      512  startup_lpc17xx.o(STACK)
    Heap_Mem                                 0x100013e8   Data           0  startup_lpc17xx.o(HEAP)
    Stack_Mem                                0x100013e8   Data         512  startup_lpc17xx.o(STACK)
    __initial_sp                             0x100015e8   Data           0  startup_lpc17xx.o(STACK)

    Global Symbols

    Symbol Name                              Value     Ov Type        Size  Object(Section)

    BuildAttributes$$THM_ISAv4$P$D$K$B$S$PE$A:L22UL41UL21$X:L11$S22US41US21$IEEE1$IW$USESV6$~STKCKD$USESV7$~SHL$OSPACE$ROPI$EBA8$UX$STANDARDLIB$REQ8$PRES8$EABIv2 0x00000000   Number         0  anon$$obj.o ABSOLUTE
    __ARM_use_no_argv                        0x00000000   Number         0  main.o ABSOLUTE
    __Vectors                                0x00000000   Data           4  startup_lpc17xx.o(RESET)
    __ARM_exceptions_init                     - Undefined Weak Reference
    __alloca_initialize                       - Undefined Weak Reference
    __arm_preinit_                            - Undefined Weak Reference
    __cpp_initialize__aeabi_                  - Undefined Weak Reference
    __cxa_finalize                            - Undefined Weak Reference
    __rt_locale                               - Undefined Weak Reference
    __sigvec_lookup                           - Undefined Weak Reference
    _atexit_init                              - Undefined Weak Reference
    _call_atexit_fns                          - Undefined Weak Reference
    _clock_init                               - Undefined Weak Reference
    _fp_trap_init                             - Undefined Weak Reference
    _fp_trap_shutdown                         - Undefined Weak Reference
    _get_lc_collate                           - Undefined Weak Reference
    _get_lc_ctype                             - Undefined Weak Reference
    _get_lc_monetary                          - Undefined Weak Reference
    _get_lc_numeric                           - Undefined Weak Reference
    _get_lc_time                              - Undefined Weak Reference
    _getenv_init                              - Undefined Weak Reference
    _handle_redirection                       - Undefined Weak Reference
    _init_alloc                               - Undefined Weak Reference
    _init_user_alloc                          - Undefined Weak Reference
    _initio                                   - Undefined Weak Reference
    _rand_init                                - Undefined Weak Reference
    _signal_finish                            - Undefined Weak Reference
    _signal_init                              - Undefined Weak Reference
    _terminate_alloc                          - Undefined Weak Reference
    _terminate_user_alloc                     - Undefined Weak Reference
    _terminateio                              - Undefined Weak Reference
    __main                                   0x000000cd   Thumb Code     8  __main.o(!!!main)
    __scatterload                            0x000000d5   Thumb Code     0  __scatter.o(!!!scatter)
    __scatterload_rt2                        0x000000d5   Thumb Code    44  __scatter.o(!!!scatter)
    __scatterload_rt2_thumb_only             0x000000d5   Thumb Code     0  __scatter.o(!!!scatter)
    __scatterload_null                       0x000000e3   Thumb Code     0  __scatter.o(!!!scatter)
    __scatterload_copy                       0x00000109   Thumb Code    26  __scatter_copy.o(!!handler_copy)
    __scatterload_zeroinit                   0x00000125   Thumb Code    28  __scatter_zi.o(!!handler_zi)
    __rt_lib_init                            0x00000141   Thumb Code     0  libinit.o(.ARM.Collect$$libinit$$00000000)
    __rt_lib_init_alloca_1                   0x00000143   Thumb Code     0  libinit2.o(.ARM.Collect$$libinit$$0000002E)
    __rt_lib_init_argv_1                     0x00000143   Thumb Code     0  libinit2.o(.ARM.Collect$$libinit$$0000002C)
    __rt_lib_init_atexit_1                   0x00000143   Thumb Code     0  libinit2.o(.ARM.Collect$$libinit$$0000001B)
    __rt_lib_init_clock_1                    0x00000143   Thumb Code     0  libinit2.o(.ARM.Collect$$libinit$$00000021)
    __rt_lib_init_cpp_1                      0x00000143   Thumb Code     0  libinit2.o(.ARM.Collect$$libinit$$00000032)
    __rt_lib_init_exceptions_1               0x00000143   Thumb Code     0  libinit2.o(.ARM.Collect$$libinit$$00000030)
    __rt_lib_init_fp_1                       0x00000143   Thumb Code     0  libinit2.o(.ARM.Collect$$libinit$$00000002)
    __rt_lib_init_fp_trap_1                  0x00000143   Thumb Code     0  libinit2.o(.ARM.Collect$$libinit$$0000001F)
    __rt_lib_init_getenv_1                   0x00000143   Thumb Code     0  libinit2.o(.ARM.Collect$$libinit$$00000023)
    __rt_lib_init_heap_1                     0x00000143   Thumb Code     0  libinit2.o(.ARM.Collect$$libinit$$0000000A)
    __rt_lib_init_lc_collate_1               0x00000143   Thumb Code     0  libinit2.o(.ARM.Collect$$libinit$$00000011)
    __rt_lib_init_lc_ctype_1                 0x00000143   Thumb Code     0  libinit2.o(.ARM.Collect$$libinit$$00000013)
    __rt_lib_init_lc_monetary_1              0x00000143   Thumb Code     0  libinit2.o(.ARM.Collect$$libinit$$00000015)
    __rt_lib_init_lc_numeric_1               0x00000143   Thumb Code     0  libinit2.o(.ARM.Collect$$libinit$$00000017)
    __rt_lib_init_lc_time_1                  0x00000143   Thumb Code     0  libinit2.o(.ARM.Collect$$libinit$$00000019)
    __rt_lib_init_preinit_1                  0x00000143   Thumb Code     0  libinit2.o(.ARM.Collect$$libinit$$00000004)
    __rt_lib_init_rand_1                     0x00000143   Thumb Code     0  libinit2.o(.ARM.Collect$$libinit$$0000000E)
    __rt_lib_init_return                     0x00000143   Thumb Code     0  libinit2.o(.ARM.Collect$$libinit$$00000033)
    __rt_lib_init_signal_1                   0x00000143   Thumb Code     0  libinit2.o(.ARM.Collect$$libinit$$0000001D)
    __rt_lib_init_stdio_1                    0x00000143   Thumb Code     0  libinit2.o(.ARM.Collect$$libinit$$00000025)
    __rt_lib_init_user_alloc_1               0x00000143   Thumb Code     0  libinit2.o(.ARM.Collect$$libinit$$0000000C)
    __rt_lib_shutdown                        0x00000145   Thumb Code     0  libshutdown.o(.ARM.Collect$$libshutdown$$00000000)
    __rt_lib_shutdown_cpp_1                  0x00000147   Thumb Code     0  libshutdown2.o(.ARM.Collect$$libshutdown$$00000002)
    __rt_lib_shutdown_fp_trap_1              0x00000147   Thumb Code     0  libshutdown2.o(.ARM.Collect$$libshutdown$$00000007)
    __rt_lib_shutdown_heap_1                 0x00000147   Thumb Code     0  libshutdown2.o(.ARM.Collect$$libshutdown$$0000000F)
    __rt_lib_shutdown_return                 0x00000147   Thumb Code     0  libshutdown2.o(.ARM.Collect$$libshutdown$$00000010)
    __rt_lib_shutdown_signal_1               0x00000147   Thumb Code     0  libshutdown2.o(.ARM.Collect$$libshutdown$$0000000A)
    __rt_lib_shutdown_stdio_1                0x00000147   Thumb Code     0  libshutdown2.o(.ARM.Collect$$libshutdown$$00000004)
    __rt_lib_shutdown_user_alloc_1           0x00000147   Thumb Code     0  libshutdown2.o(.ARM.Collect$$libshutdown$$0000000C)
    __rt_entry                               0x00000149   Thumb Code     0  __rtentry.o(.ARM.Collect$$rtentry$$00000000)
    __rt_entry_presh_1                       0x00000149   Thumb Code     0  __rtentry2.o(.ARM.Collect$$rtentry$$00000002)
    __rt_entry_sh                            0x00000149   Thumb Code     0  __rtentry4.o(.ARM.Collect$$rtentry$$00000004)
    __rt_entry_li                            0x0000014f   Thumb Code     0  __rtentry2.o(.ARM.Collect$$rtentry$$0000000A)
    __rt_entry_postsh_1                      0x0000014f   Thumb Code     0  __rtentry2.o(.ARM.Collect$$rtentry$$00000009)
    __rt_entry_main                          0x00000153   Thumb Code     0  __rtentry2.o(.ARM.Collect$$rtentry$$0000000D)
    __rt_entry_postli_1                      0x00000153   Thumb Code     0  __rtentry2.o(.ARM.Collect$$rtentry$$0000000C)
    __rt_exit                                0x0000015b   Thumb Code     0  rtexit.o(.ARM.Collect$$rtexit$$00000000)
    __rt_exit_ls                             0x0000015d   Thumb Code     0  rtexit2.o(.ARM.Collect$$rtexit$$00000003)
    __rt_exit_prels_1                        0x0000015d   Thumb Code     0  rtexit2.o(.ARM.Collect$$rtexit$$00000002)
    __rt_exit_exit                           0x00000161   Thumb Code     0  rtexit2.o(.ARM.Collect$$rtexit$$00000004)
    SVC_RTE                                  0x00000169   Thumb Code     0  hal.o(.emb_text)
    __rte                                    0x00000169   Thumb Code     8  hal.o(.emb_text)
    k_tsk_switch                             0x00000171   Thumb Code    44  k_task.o(.emb_text)
    K_RESTORE                                0x00000183   Thumb Code     0  k_task.o(.emb_text)
    k_tsk_start                              0x000001a1   Thumb Code     2  k_task.o(.emb_text)
    Reset_Handler                            0x000001a5   Thumb Code     8  startup_lpc17xx.o(.text)
    NMI_Handler                              0x000001ad   Thumb Code     2  startup_lpc17xx.o(.text)
    MemManage_Handler                        0x000001b1   Thumb Code     2  startup_lpc17xx.o(.text)
    BusFault_Handler                         0x000001b3   Thumb Code     2  startup_lpc17xx.o(.text)
    UsageFault_Handler                       0x000001b5   Thumb Code     2  startup_lpc17xx.o(.text)
    DebugMon_Handler                         0x000001b9   Thumb Code     2  startup_lpc17xx.o(.text)
    PendSV_Handler                           0x000001bb   Thumb Code     2  startup_lpc17xx.o(.text)
    SysTick_Handler                          0x000001bd   Thumb Code     2  startup_lpc17xx.o(.text)
    ADC_IRQHandler                           0x000001bf   Thumb Code     0  startup_lpc17xx.o(.text)
    BOD_IRQHandler                           0x000001bf   Thumb Code     0  startup_lpc17xx.o(.text)
    CANActivity_IRQHandler                   0x000001bf   Thumb Code     0  startup_lpc17xx.o(.text)
    CAN_IRQHandler                           0x000001bf   Thumb Code     0  startup_lpc17xx.o(.text)
    DMA_IRQHandler                           0x000001bf   Thumb Code     0  startup_lpc17xx.o(.text)
    EINT0_IRQHandler                         0x000001bf   Thumb Code     0  startup_lpc17xx.o(.text)
    EINT1_IRQHandler                         0x000001bf   Thumb Code     0  startup_lpc17xx.o(.text)
    EINT2_IRQHandler                         0x000001bf   Thumb Code     0  startup_lpc17xx.o(.text)
    EINT3_IRQHandler                         0x000001bf   Thumb Code     0  startup_lpc17xx.o(.text)
    ENET_IRQHandler                          0x000001bf   Thumb Code     0  startup_lpc17xx.o(.text)
    I2C0_IRQHandler                          0x000001bf   Thumb Code     0  startup_lpc17xx.o(.text)
    I2C1_IRQHandler                          0x000001bf   Thumb Code     0  startup_lpc17xx.o(.text)
    I2C2_IRQHandler                          0x000001bf   Thumb Code     0  startup_lpc17xx.o(.text)
    I2S_IRQHandler                           0x000001bf   Thumb Code     0  startup_lpc17xx.o(.text)
    MCPWM_IRQHandler                         0x000001bf   Thumb Code     0  startup_lpc17xx.o(.text)
    PLL0_IRQHandler                          0x000001bf   Thumb Code     0  startup_lpc17xx.o(.text)
    PLL1_IRQHandler                          0x000001bf   Thumb Code     0  startup_lpc17xx.o(.text)
    PWM1_IRQHandler                          0x000001bf   Thumb Code     0  startup_lpc17xx.o(.text)
    QEI_IRQHandler                           0x000001bf   Thumb Code     0  startup_lpc17xx.o(.text)
    RIT_IRQHandler                           0x000001bf   Thumb Code     0  startup_lpc17xx.o(.text)
    RTC_IRQHandler                           0x000001bf   Thumb Code     0  startup_lpc17xx.o(.text)
    SPI_IRQHandler                           0x000001bf   Thumb Code     0  startup_lpc17xx.o(.text)
    SSP0_IRQHandler                          0x000001bf   Thumb Code     0  startup_lpc17xx.o(.text)
    SSP1_IRQHandler                          0x000001bf   Thumb Code     0  startup_lpc17xx.o(.text)
    TIMER1_IRQHandler                        0x000001bf   Thumb Code     0  startup_lpc17xx.o(.text)
    TIMER2_IRQHandler                        0x000001bf   Thumb Code     0  startup_lpc17xx.o(.text)
    TIMER3_IRQHandler                        0x000001bf   Thumb Code     0  startup_lpc17xx.o(.text)
    UART1_IRQHandler                         0x000001bf   Thumb Code     0  startup_lpc17xx.o(.text)
    UART2_IRQHandler                         0x000001bf   Thumb Code     0  startup_lpc17xx.o(.text)
    UART3_IRQHandler                         0x000001bf   Thumb Code     0  startup_lpc17xx.o(.text)
    USBActivity_IRQHandler                   0x000001bf   Thumb Code     0  startup_lpc17xx.o(.text)
    USB_IRQHandler                           0x000001bf   Thumb Code     0  startup_lpc17xx.o(.text)
    WDT_IRQHandler                           0x000001bf   Thumb Code     0  startup_lpc17xx.o(.text)
    __user_initial_stackheap                 0x000001c1   Thumb Code     0  startup_lpc17xx.o(.text)
    __aeabi_memcpy4                          0x000001e1   Thumb Code     0  rt_memcpy_w.o(.text)
    __aeabi_memcpy8                          0x000001e1   Thumb Code     0  rt_memcpy_w.o(.text)
    __rt_memcpy_w                            0x000001e1   Thumb Code   100  rt_memcpy_w.o(.text)
    _memcpy_lastbytes_aligned                0x00000229   Thumb Code     0  rt_memcpy_w.o(.text)
    __aeabi_memclr4                          0x00000245   Thumb Code     0  rt_memclr_w.o(.text)
    __aeabi_memclr8                          0x00000245   Thumb Code     0  rt_memclr_w.o(.text)
    __rt_memclr_w                            0x00000245   Thumb Code    78  rt_memclr_w.o(.text)
    _memset_w                                0x00000249   Thumb Code     0  rt_memclr_w.o(.text)
    __use_two_region_memory                  0x00000293   Thumb Code     2  heapauxi.o(.text)
    __rt_heap_escrow$2region                 0x00000295   Thumb Code     2  heapauxi.o(.text)
    __rt_heap_expand$2region                 0x00000297   Thumb Code     2  heapauxi.o(.text)
    __user_setup_stackheap                   0x00000299   Thumb Code    74  sys_stackheap_outer.o(.text)
    exit                                     0x000002e3   Thumb Code    18  exit.o(.text)
    __user_libspace                          0x000002f5   Thumb Code     8  libspace.o(.text)
    __user_perproc_libspace                  0x000002f5   Thumb Code     0  libspace.o(.text)
    __user_perthread_libspace                0x000002f5   Thumb Code     0  libspace.o(.text)
    _sys_exit                                0x00000301   Thumb Code     8  sys_exit.o(.text)
    __I$use$semihosting                      0x0000030d   Thumb Code     0  use_no_semi.o(.text)
    __use_no_semihosting_swi                 0x0000030d   Thumb Code     2  use_no_semi.o(.text)
    __semihosting_library_function           0x0000030f   Thumb Code     0  indicate_semi.o(.text)
    HardFault_Handler                        0x00000311   Thumb Code    22  ae_util.o(i.HardFault_Handler)
    SVC_Handler                              0x00000341   Thumb Code   296  hal.o(i.SVC_Handler)
    SystemInit                               0x00000469   Thumb Code   302  system_lpc17xx.o(i.SystemInit)
    TIMER0_IRQHandler                        0x000005a9   Thumb Code   218  timer.o(i.TIMER0_IRQHandler)
    UART0_IRQHandler                         0x0000069d   Thumb Code   312  uart_irq.o(i.UART0_IRQHandler)
    ae_exit                                  0x000008a3   Thumb Code     4  ae.o(i.ae_exit)
    ae_init                                  0x000008a7   Thumb Code    48  ae.o(i.ae_init)
    ae_set_init_tasks_info                   0x000008d7   Thumb Code    22  ae.o(i.ae_set_init_tasks_info)
    ae_set_sys_info                          0x000008ed   Thumb Code    22  ae.o(i.ae_set_sys_info)
    alphaNumToOffset                         0x00000903   Thumb Code    52  kcd_task.o(i.alphaNumToOffset)
    append_to_order                          0x00000939   Thumb Code    28  ae_tasks9_g33.o(i.append_to_order)
    count_set_bits                           0x00000959   Thumb Code    18  ae_util.o(i.count_set_bits)
    delete_node                              0x0000096b   Thumb Code    38  free_list.o(i.delete_node)
    dequeue                                  0x00000991   Thumb Code    82  ready_queue.o(i.dequeue)
    doDisplay                                0x000009e5   Thumb Code   150  wall_clock_task.o(i.doDisplay)
    doResetArrows                            0x00000ab1   Thumb Code    28  wall_clock_task.o(i.doResetArrows)
    enqueue                                  0x00000b85   Thumb Code    78  ready_queue.o(i.enqueue)
    enqueue_front                            0x00000bd3   Thumb Code    94  ready_queue.o(i.enqueue_front)
    free_node                                0x00000c3d   Thumb Code     8  free_list.o(i.free_node)
    gen_req0                                 0x00000c45   Thumb Code    78  ae_tasks9_g33.o(i.gen_req0)
    get_addr                                 0x00000cad   Thumb Code    78  buddy_system.o(i.get_addr)
    get_bit                                  0x00000d19   Thumb Code    20  bitheap.o(i.get_bit)
    get_block_size                           0x00000d2d   Thumb Code    24  buddy_system.o(i.get_block_size)
    get_buddy_idx                            0x00000d45   Thumb Code    22  buddy_system.o(i.get_buddy_idx)
    get_depth                                0x00000d5d   Thumb Code    34  buddy_system.o(i.get_depth)
    get_end_addr                             0x00000db9   Thumb Code    26  buddy_system.o(i.get_end_addr)
    get_idx                                  0x00000de1   Thumb Code    76  buddy_system.o(i.get_idx)
    get_level                                0x00000e49   Thumb Code    58  buddy_system.o(i.get_level)
    get_num_jobs                             0x00000e85   Thumb Code    26  edf.o(i.get_num_jobs)
    get_pool_size                            0x00000ea5   Thumb Code    28  buddy_system.o(i.get_pool_size)
    get_prio_idx                             0x00000ec5   Thumb Code    42  ready_queue.o(i.get_prio_idx)
    get_start_addr                           0x00000f25   Thumb Code    26  buddy_system.o(i.get_start_addr)
    get_tick                                 0x00000f4d   Thumb Code    58  timer.o(i.get_tick)
    get_tree_height                          0x00000f95   Thumb Code    26  buddy_system.o(i.get_tree_height)
    init_ae_tsk_test                         0x0000106d   Thumb Code    96  ae_tasks9_g33.o(i.init_ae_tsk_test)
    init_printf                              0x000010e9   Thumb Code    10  printf.o(i.init_printf)
    insert_node                              0x000010fd   Thumb Code    68  free_list.o(i.insert_node)
    insert_rt_queue                          0x00001141   Thumb Code   112  ready_queue.o(i.insert_rt_queue)
    irq_receive                              0x000011b1   Thumb Code    48  k_msg.o(i.irq_receive)
    irq_send_to_KCD                          0x000011e9   Thumb Code    86  k_msg.o(i.irq_send_to_KCD)
    k_alloc_p_stack                          0x00001269   Thumb Code    36  k_mem.o(i.k_alloc_p_stack)
    k_con_init                               0x00001295   Thumb Code    24  k_task.o(i.k_con_init)
    k_kcd_init                               0x000012b1   Thumb Code    24  k_task.o(i.k_kcd_init)
    k_mbx_create                             0x000012cd   Thumb Code   104  k_msg.o(i.k_mbx_create)
    k_mbx_get                                0x00001341   Thumb Code    64  k_msg.o(i.k_mbx_get)
    k_mbx_ls                                 0x0000138d   Thumb Code    78  k_msg.o(i.k_mbx_ls)
    k_mem_init                               0x000013e9   Thumb Code    48  k_mem.o(i.k_mem_init)
    k_mpool_alloc                            0x00001429   Thumb Code   212  k_mem.o(i.k_mpool_alloc)
    k_mpool_create                           0x00001511   Thumb Code   156  k_mem.o(i.k_mpool_create)
    k_mpool_dealloc                          0x000015c1   Thumb Code   280  k_mem.o(i.k_mpool_dealloc)
    k_mpool_dump                             0x000016ed   Thumb Code    92  k_mem.o(i.k_mpool_dump)
    k_pre_rtx_init                           0x00001779   Thumb Code    36  k_rtx_init.o(i.k_pre_rtx_init)
    k_recv_msg                               0x0000179d   Thumb Code   104  k_msg.o(i.k_recv_msg)
    k_recv_msg_nb                            0x00001811   Thumb Code   174  k_msg.o(i.k_recv_msg_nb)
    k_rt_tsk_get                             0x000018d1   Thumb Code    88  k_task.o(i.k_rt_tsk_get)
    k_rt_tsk_set                             0x00001935   Thumb Code   120  k_task.o(i.k_rt_tsk_set)
    k_rt_tsk_susp                            0x000019bd   Thumb Code   158  k_task.o(i.k_rt_tsk_susp)
    k_rtx_init                               0x00001a95   Thumb Code   350  k_rtx_init.o(i.k_rtx_init)
    k_send_msg                               0x00001c19   Thumb Code   322  k_msg.o(i.k_send_msg)
    k_send_msg_nb                            0x00001d71   Thumb Code   302  k_msg.o(i.k_send_msg_nb)
    k_tsk_create                             0x00001eb9   Thumb Code   186  k_task.o(i.k_tsk_create)
    k_tsk_create_new                         0x00001f89   Thumb Code   282  k_task.o(i.k_tsk_create_new)
    k_tsk_exit                               0x000020b5   Thumb Code   114  k_task.o(i.k_tsk_exit)
    k_tsk_get                                0x00002139   Thumb Code   126  k_task.o(i.k_tsk_get)
    k_tsk_gettid                             0x000021c5   Thumb Code    10  k_task.o(i.k_tsk_gettid)
    k_tsk_init                               0x000021d5   Thumb Code   306  k_task.o(i.k_tsk_init)
    k_tsk_init_first                         0x00002319   Thumb Code    22  k_task.o(i.k_tsk_init_first)
    k_tsk_ls                                 0x00002335   Thumb Code    80  k_task.o(i.k_tsk_ls)
    k_tsk_run_new                            0x0000238d   Thumb Code    84  k_task.o(i.k_tsk_run_new)
    k_tsk_set_prio                           0x000023e5   Thumb Code   358  k_task.o(i.k_tsk_set_prio)
    k_tsk_yield                              0x00002561   Thumb Code    34  k_task.o(i.k_tsk_yield)
    k_wallclk_init                           0x0000258d   Thumb Code    24  k_task.o(i.k_wallclk_init)
    main                                     0x000025a9   Thumb Code   100  main.o(i.main)
    missed_deadline                          0x00002621   Thumb Code    24  edf.o(i.missed_deadline)
    obtainTask                               0x00002639   Thumb Code    18  kcd_task.o(i.obtainTask)
    popData_RingBuffer                       0x00002651   Thumb Code    74  ring_buffer.o(i.popData_RingBuffer)
    popMessage_RingBuffer                    0x0000269b   Thumb Code    64  ring_buffer.o(i.popMessage_RingBuffer)
    print_and_count_list                     0x000026dd   Thumb Code    52  free_list.o(i.print_and_count_list)
    print_log                                0x00002721   Thumb Code    42  ae_util.o(i.print_log)
    print_results                            0x00002791   Thumb Code   118  ae_util.o(i.print_results)
    print_summary                            0x000028b1   Thumb Code    22  ae_util.o(i.print_summary)
    processKeyIn                             0x000028dd   Thumb Code   200  kcd_task.o(i.processKeyIn)
    processLCommand                          0x000029ad   Thumb Code   320  kcd_task.o(i.processLCommand)
    processRegister                          0x00002b35   Thumb Code    42  kcd_task.o(i.processRegister)
    processString                            0x00002b5f   Thumb Code   178  kcd_task.o(i.processString)
    process_sub_result                       0x00002c11   Thumb Code    46  ae_util.o(i.process_sub_result)
    pushData_RingBuffer                      0x00002c49   Thumb Code    66  ring_buffer.o(i.pushData_RingBuffer)
    putc                                     0x00002c8d   Thumb Code    28  uart_polling.o(i.putc)
    readMessageSize_RingBuffer               0x00002d2d   Thumb Code    26  ring_buffer.o(i.readMessageSize_RingBuffer)
    registerTask                             0x00002d49   Thumb Code    20  kcd_task.o(i.registerTask)
    remove_from_queue                        0x00002d61   Thumb Code   102  ready_queue.o(i.remove_from_queue)
    scheduler                                0x00002de5   Thumb Code    38  k_task.o(i.scheduler)
    scheduler_waiting                        0x00002e15   Thumb Code   100  k_msg.o(i.scheduler_waiting)
    send_error                               0x00002e81   Thumb Code    70  kcd_task.o(i.send_error)
    setClockText                             0x00002ef5   Thumb Code   122  wall_clock_task.o(i.setClockText)
    set_ae_init_tasks                        0x00002f81   Thumb Code    24  ae_tasks9_g33.o(i.set_ae_init_tasks)
    set_ae_tasks                             0x00002f9d   Thumb Code    70  ae_tasks9_g33.o(i.set_ae_tasks)
    set_bit                                  0x00002fe9   Thumb Code    36  bitheap.o(i.set_bit)
    stateToChar                              0x0000300d   Thumb Code    10  kcd_task.o(i.stateToChar)
    strcpy                                   0x0000302d   Thumb Code    32  ae_util.o(i.strcpy)
    task1                                    0x0000306d   Thumb Code   506  ae_tasks9_g33.o(i.task1)
    task2                                    0x000033cd   Thumb Code   392  ae_tasks9_g33.o(i.task2)
    task_cdisp                               0x000036ad   Thumb Code   140  cdisp_task.o(i.task_cdisp)
    task_kcd                                 0x00003769   Thumb Code   104  kcd_task.o(i.task_kcd)
    task_null                                0x000037d1   Thumb Code     6  null_task.o(i.task_null)
    task_wall_clock                          0x000037d9   Thumb Code   160  wall_clock_task.o(i.task_wall_clock)
    test_abort                               0x00003881   Thumb Code    36  ae_util.o(i.test_abort)
    test_exit                                0x000038ed   Thumb Code    16  ae_util.o(i.test_exit)
    tfp_format                               0x00003911   Thumb Code   296  printf.o(i.tfp_format)
    tfp_printf                               0x00003a39   Thumb Code    34  printf.o(i.tfp_printf)
    tfp_sprintf                              0x00003a65   Thumb Code    38  printf.o(i.tfp_sprintf)
    timer_freerun_init                       0x00003ae1   Thumb Code   136  timer.o(i.timer_freerun_init)
    timer_irq_init                           0x00003b79   Thumb Code   114  timer.o(i.timer_irq_init)
    timeval_to_tick                          0x00003bf9   Thumb Code    52  edf.o(i.timeval_to_tick)
    uart_init                                0x00003c2d   Thumb Code    96  uart_polling.o(i.uart_init)
    uart_irq_init                            0x00003c99   Thumb Code   166  uart_irq.o(i.uart_irq_init)
    uart_put_char                            0x00003d55   Thumb Code    42  uart_polling.o(i.uart_put_char)
    uart_put_string                          0x00003d89   Thumb Code    38  uart_polling.o(i.uart_put_string)
    update_exec_seq                          0x00003e05   Thumb Code    64  ae_tasks9_g33.o(i.update_exec_seq)
    validateCommand                          0x00003eb3   Thumb Code    36  kcd_task.o(i.validateCommand)
    validateCommandWRTRegister               0x00003ed7   Thumb Code    48  kcd_task.o(i.validateCommandWRTRegister)
    PREFIX                                   0x00003f10   Data           8  ae_tasks9_g33.o(.constdata)
    PREFIX_LOG                               0x00003f18   Data          12  ae_tasks9_g33.o(.constdata)
    PREFIX_LOG2                              0x00003f24   Data          13  ae_tasks9_g33.o(.constdata)
    proper_order                             0x00003f34   Data           4  ae_tasks9_g33.o(.constdata)
    Region$$Table$$Base                      0x00003fa4   Number         0  anon$$obj.o(Region$$Table)
    Region$$Table$$Limit                     0x00003fc4   Number         0  anon$$obj.o(Region$$Table)
    g_send_char                              0x10000004   Data           1  uart_irq.o(.data)
    g_char_in                                0x10000005   Data           1  uart_irq.o(.data)
    g_tx_irq                                 0x10000006   Data           1  uart_irq.o(.data)
    g_switch_flag                            0x10000007   Data           1  uart_irq.o(.data)
    g_timer_count                            0x10000010   Data           4  timer.o(.data)
    t_last_interrupt                         0x10000014   Data           8  timer.o(.data)
    g_k_stacks                               0x1000001c   Data           4  k_mem.o(.data)
    errno                                    0x10000020   Data           4  k_rtx_init.o(.data)
    susQueue                                 0x10000024   Data           8  k_rtx_init.o(.data)
    gp_current_task                          0x1000002c   Data           4  k_task.o(.data)
    g_num_active_tasks                       0x10000030   Data           4  k_task.o(.data)
    tidTable                                 0x1000003c   Data          62  kcd_task.o(.data)
    msgBuffSize                              0x1000007c   Data           4  kcd_task.o(.data)
    g_ae_cases                               0x100000c8   Data           8  ae_tasks9_g33.o(.data)
    period_sec                               0x100000d0   Data           4  ae_tasks9_g33.o(.data)
    exec_sec                                 0x100000d4   Data           4  ae_tasks9_g33.o(.data)
    prev_task                                0x100000d8   Data           4  ae_tasks9_g33.o(.data)
    time_start_of_test                       0x100000dc   Data           8  ae_tasks9_g33.o(.data)
    g_buffer                                 0x100000e4   Data         128  uart_irq.o(.bss)
    heap_1                                   0x10000168   Data          32  k_mem.o(.bss)
    heap_2                                   0x10000188   Data         256  k_mem.o(.bss)
    flist_1                                  0x10000288   Data          64  k_mem.o(.bss)
    flist_2                                  0x100002c8   Data          88  k_mem.o(.bss)
    g_p_stacks                               0x10000320   Data        1536  k_mem.o(.bss)
    rQueues                                  0x10000920   Data          40  k_rtx_init.o(.bss)
    g_mbox                                   0x10000948   Data         640  k_rtx_init.o(.bss)
    uart_mbox                                0x10000bc8   Data          20  k_rtx_init.o(.bss)
    g_tcbs                                   0x10000be0   Data         640  k_task.o(.bss)
    null_k_stack                             0x10000e60   Data        1024  k_task.o(.bss)
    msgBuff                                  0x10001260   Data          64  kcd_task.o(.bss)
    __libspace_start                         0x100012a0   Data          96  libspace.o(.bss)
    __temporary_stack_top$libspace           0x10001300   Data           0  libspace.o(.bss)
    g_init_tasks                             0x10001300   Data          12  ae_tasks9_g33.o(.bss)
    g_ae_xtest                               0x1000130c   Data         132  ae_tasks9_g33.o(.bss)
    g_tsk_cases                              0x10001390   Data          72  ae_tasks9_g33.o(.bss)
    g_tasks                                  0x100013d8   Data          10  ae_tasks9_g33.o(.bss)



==============================================================================

Memory Map of the image

  Image Entry point : 0x000000cd

  Load Region LR_IROM1 (Base: 0x00000000, Size: 0x000040a8, Max: 0x00800000, ABSOLUTE)

    Execution Region ER_IROM1 (Exec base: 0x00000000, Load base: 0x00000000, Size: 0x00003fc4, Max: 0x00800000, ABSOLUTE)

    Exec Addr    Load Addr    Size         Type   Attr      Idx    E Section Name        Object

    0x00000000   0x00000000   0x000000cc   Data   RO         1272    RESET               startup_lpc17xx.o
    0x000000cc   0x000000cc   0x00000008   Code   RO         1326  * !!!main             c_w.l(__main.o)
    0x000000d4   0x000000d4   0x00000034   Code   RO         1748    !!!scatter          c_w.l(__scatter.o)
    0x00000108   0x00000108   0x0000001a   Code   RO         1750    !!handler_copy      c_w.l(__scatter_copy.o)
    0x00000122   0x00000122   0x00000002   PAD
    0x00000124   0x00000124   0x0000001c   Code   RO         1752    !!handler_zi        c_w.l(__scatter_zi.o)
    0x00000140   0x00000140   0x00000002   Code   RO         1429    .ARM.Collect$$libinit$$00000000  c_w.l(libinit.o)
    0x00000142   0x00000142   0x00000000   Code   RO         1478    .ARM.Collect$$libinit$$00000002  c_w.l(libinit2.o)
    0x00000142   0x00000142   0x00000000   Code   RO         1480    .ARM.Collect$$libinit$$00000004  c_w.l(libinit2.o)
    0x00000142   0x00000142   0x00000000   Code   RO         1483    .ARM.Collect$$libinit$$0000000A  c_w.l(libinit2.o)
    0x00000142   0x00000142   0x00000000   Code   RO         1485    .ARM.Collect$$libinit$$0000000C  c_w.l(libinit2.o)
    0x00000142   0x00000142   0x00000000   Code   RO         1487    .ARM.Collect$$libinit$$0000000E  c_w.l(libinit2.o)
    0x00000142   0x00000142   0x00000000   Code   RO         1490    .ARM.Collect$$libinit$$00000011  c_w.l(libinit2.o)
    0x00000142   0x00000142   0x00000000   Code   RO         1492    .ARM.Collect$$libinit$$00000013  c_w.l(libinit2.o)
    0x00000142   0x00000142   0x00000000   Code   RO         1494    .ARM.Collect$$libinit$$00000015  c_w.l(libinit2.o)
    0x00000142   0x00000142   0x00000000   Code   RO         1496    .ARM.Collect$$libinit$$00000017  c_w.l(libinit2.o)
    0x00000142   0x00000142   0x00000000   Code   RO         1498    .ARM.Collect$$libinit$$00000019  c_w.l(libinit2.o)
    0x00000142   0x00000142   0x00000000   Code   RO         1500    .ARM.Collect$$libinit$$0000001B  c_w.l(libinit2.o)
    0x00000142   0x00000142   0x00000000   Code   RO         1502    .ARM.Collect$$libinit$$0000001D  c_w.l(libinit2.o)
    0x00000142   0x00000142   0x00000000   Code   RO         1504    .ARM.Collect$$libinit$$0000001F  c_w.l(libinit2.o)
    0x00000142   0x00000142   0x00000000   Code   RO         1506    .ARM.Collect$$libinit$$00000021  c_w.l(libinit2.o)
    0x00000142   0x00000142   0x00000000   Code   RO         1508    .ARM.Collect$$libinit$$00000023  c_w.l(libinit2.o)
    0x00000142   0x00000142   0x00000000   Code   RO         1510    .ARM.Collect$$libinit$$00000025  c_w.l(libinit2.o)
    0x00000142   0x00000142   0x00000000   Code   RO         1514    .ARM.Collect$$libinit$$0000002C  c_w.l(libinit2.o)
    0x00000142   0x00000142   0x00000000   Code   RO         1516    .ARM.Collect$$libinit$$0000002E  c_w.l(libinit2.o)
    0x00000142   0x00000142   0x00000000   Code   RO         1518    .ARM.Collect$$libinit$$00000030  c_w.l(libinit2.o)
    0x00000142   0x00000142   0x00000000   Code   RO         1520    .ARM.Collect$$libinit$$00000032  c_w.l(libinit2.o)
    0x00000142   0x00000142   0x00000002   Code   RO         1521    .ARM.Collect$$libinit$$00000033  c_w.l(libinit2.o)
    0x00000144   0x00000144   0x00000002   Code   RO         1705    .ARM.Collect$$libshutdown$$00000000  c_w.l(libshutdown.o)
    0x00000146   0x00000146   0x00000000   Code   RO         1731    .ARM.Collect$$libshutdown$$00000002  c_w.l(libshutdown2.o)
    0x00000146   0x00000146   0x00000000   Code   RO         1733    .ARM.Collect$$libshutdown$$00000004  c_w.l(libshutdown2.o)
    0x00000146   0x00000146   0x00000000   Code   RO         1736    .ARM.Collect$$libshutdown$$00000007  c_w.l(libshutdown2.o)
    0x00000146   0x00000146   0x00000000   Code   RO         1739    .ARM.Collect$$libshutdown$$0000000A  c_w.l(libshutdown2.o)
    0x00000146   0x00000146   0x00000000   Code   RO         1741    .ARM.Collect$$libshutdown$$0000000C  c_w.l(libshutdown2.o)
    0x00000146   0x00000146   0x00000000   Code   RO         1744    .ARM.Collect$$libshutdown$$0000000F  c_w.l(libshutdown2.o)
    0x00000146   0x00000146   0x00000002   Code   RO         1745    .ARM.Collect$$libshutdown$$00000010  c_w.l(libshutdown2.o)
    0x00000148   0x00000148   0x00000000   Code   RO         1328    .ARM.Collect$$rtentry$$00000000  c_w.l(__rtentry.o)
    0x00000148   0x00000148   0x00000000   Code   RO         1334    .ARM.Collect$$rtentry$$00000002  c_w.l(__rtentry2.o)
    0x00000148   0x00000148   0x00000006   Code   RO         1346    .ARM.Collect$$rtentry$$00000004  c_w.l(__rtentry4.o)
    0x0000014e   0x0000014e   0x00000000   Code   RO         1336    .ARM.Collect$$rtentry$$00000009  c_w.l(__rtentry2.o)
    0x0000014e   0x0000014e   0x00000004   Code   RO         1337    .ARM.Collect$$rtentry$$0000000A  c_w.l(__rtentry2.o)
    0x00000152   0x00000152   0x00000000   Code   RO         1339    .ARM.Collect$$rtentry$$0000000C  c_w.l(__rtentry2.o)
    0x00000152   0x00000152   0x00000008   Code   RO         1340    .ARM.Collect$$rtentry$$0000000D  c_w.l(__rtentry2.o)
    0x0000015a   0x0000015a   0x00000002   Code   RO         1469    .ARM.Collect$$rtexit$$00000000  c_w.l(rtexit.o)
    0x0000015c   0x0000015c   0x00000000   Code   RO         1614    .ARM.Collect$$rtexit$$00000002  c_w.l(rtexit2.o)
    0x0000015c   0x0000015c   0x00000004   Code   RO         1615    .ARM.Collect$$rtexit$$00000003  c_w.l(rtexit2.o)
    0x00000160   0x00000160   0x00000006   Code   RO         1616    .ARM.Collect$$rtexit$$00000004  c_w.l(rtexit2.o)
    0x00000166   0x00000166   0x00000002   PAD
    0x00000168   0x00000168   0x00000008   Code   RO          250    .emb_text           hal.o
    0x00000170   0x00000170   0x00000032   Code   RO          516    .emb_text           k_task.o
    0x000001a2   0x000001a2   0x00000002   PAD
    0x000001a4   0x000001a4   0x0000003c   Code   RO         1274    .text               startup_lpc17xx.o
    0x000001e0   0x000001e0   0x00000064   Code   RO         1320    .text               c_w.l(rt_memcpy_w.o)
    0x00000244   0x00000244   0x0000004e   Code   RO         1322    .text               c_w.l(rt_memclr_w.o)
    0x00000292   0x00000292   0x00000006   Code   RO         1324    .text               c_w.l(heapauxi.o)
    0x00000298   0x00000298   0x0000004a   Code   RO         1416    .text               c_w.l(sys_stackheap_outer.o)
    0x000002e2   0x000002e2   0x00000012   Code   RO         1418    .text               c_w.l(exit.o)
    0x000002f4   0x000002f4   0x00000008   Code   RO         1466    .text               c_w.l(libspace.o)
    0x000002fc   0x000002fc   0x00000004   Code   RO         1273    .ARM.__at_0x02FC    startup_lpc17xx.o
    0x00000300   0x00000300   0x0000000c   Code   RO         1611    .text               c_w.l(sys_exit.o)
    0x0000030c   0x0000030c   0x00000002   Code   RO         1694    .text               c_w.l(use_no_semi.o)
    0x0000030e   0x0000030e   0x00000000   Code   RO         1696    .text               c_w.l(indicate_semi.o)
    0x0000030e   0x0000030e   0x00000002   PAD
    0x00000310   0x00000310   0x00000030   Code   RO         1628    i.HardFault_Handler  ae-lib-sim.lib(ae_util.o)
    0x00000340   0x00000340   0x00000128   Code   RO          251    i.SVC_Handler       hal.o
    0x00000468   0x00000468   0x00000140   Code   RO         1284    i.SystemInit        system_lpc17xx.o
    0x000005a8   0x000005a8   0x000000f4   Code   RO          187    i.TIMER0_IRQHandler  timer.o
    0x0000069c   0x0000069c   0x00000178   Code   RO           87    i.UART0_IRQHandler  uart_irq.o
    0x00000814   0x00000814   0x00000022   Code   RO           88    i.__NVIC_EnableIRQ  uart_irq.o
    0x00000836   0x00000836   0x00000032   Code   RO          961    i.a2d               printf.o
    0x00000868   0x00000868   0x0000003a   Code   RO          962    i.a2i               printf.o
    0x000008a2   0x000008a2   0x00000004   Code   RO         1430    i.ae_exit           ae-lib-sim.lib(ae.o)
    0x000008a6   0x000008a6   0x00000030   Code   RO         1431    i.ae_init           ae-lib-sim.lib(ae.o)
    0x000008d6   0x000008d6   0x00000016   Code   RO         1432    i.ae_set_init_tasks_info  ae-lib-sim.lib(ae.o)
    0x000008ec   0x000008ec   0x00000016   Code   RO         1433    i.ae_set_sys_info   ae-lib-sim.lib(ae.o)
    0x00000902   0x00000902   0x00000034   Code   RO         1058    i.alphaNumToOffset  kcd_task.o
    0x00000936   0x00000936   0x00000002   PAD
    0x00000938   0x00000938   0x00000020   Code   RO         1524    i.append_to_order   ae-lib-sim.lib(ae_tasks9_g33.o)
    0x00000958   0x00000958   0x00000012   Code   RO         1629    i.count_set_bits    ae-lib-sim.lib(ae_util.o)
    0x0000096a   0x0000096a   0x00000026   Code   RO          784    i.delete_node       free_list.o
    0x00000990   0x00000990   0x00000052   Code   RO          826    i.dequeue           ready_queue.o
    0x000009e2   0x000009e2   0x00000002   PAD
    0x000009e4   0x000009e4   0x000000cc   Code   RO         1175    i.doDisplay         wall_clock_task.o
    0x00000ab0   0x00000ab0   0x0000001c   Code   RO         1176    i.doResetArrows     wall_clock_task.o
    0x00000acc   0x00000acc   0x0000000e   Code   RO         1177    i.doWR              wall_clock_task.o
    0x00000ada   0x00000ada   0x00000002   PAD
    0x00000adc   0x00000adc   0x0000008c   Code   RO         1178    i.doWS              wall_clock_task.o
    0x00000b68   0x00000b68   0x0000001c   Code   RO         1179    i.doWT              wall_clock_task.o
    0x00000b84   0x00000b84   0x0000004e   Code   RO          827    i.enqueue           ready_queue.o
    0x00000bd2   0x00000bd2   0x0000005e   Code   RO          828    i.enqueue_front     ready_queue.o
    0x00000c30   0x00000c30   0x0000000c   Code   RO         1059    i.findEnd           kcd_task.o
    0x00000c3c   0x00000c3c   0x00000008   Code   RO          785    i.free_node         free_list.o
    0x00000c44   0x00000c44   0x00000058   Code   RO         1525    i.gen_req0          ae-lib-sim.lib(ae_tasks9_g33.o)
    0x00000c9c   0x00000c9c   0x0000000e   Code   RO         1181    i.getClockCommand   wall_clock_task.o
    0x00000caa   0x00000caa   0x00000002   PAD
    0x00000cac   0x00000cac   0x0000006c   Code   RO          706    i.get_addr          buddy_system.o
    0x00000d18   0x00000d18   0x00000014   Code   RO          664    i.get_bit           bitheap.o
    0x00000d2c   0x00000d2c   0x00000018   Code   RO          707    i.get_block_size    buddy_system.o
    0x00000d44   0x00000d44   0x00000016   Code   RO          708    i.get_buddy_idx     buddy_system.o
    0x00000d5a   0x00000d5a   0x00000002   PAD
    0x00000d5c   0x00000d5c   0x0000005c   Code   RO          709    i.get_depth         buddy_system.o
    0x00000db8   0x00000db8   0x00000028   Code   RO          710    i.get_end_addr      buddy_system.o
    0x00000de0   0x00000de0   0x00000068   Code   RO          711    i.get_idx           buddy_system.o
    0x00000e48   0x00000e48   0x0000003a   Code   RO          712    i.get_level         buddy_system.o
    0x00000e82   0x00000e82   0x00000002   PAD
    0x00000e84   0x00000e84   0x00000020   Code   RO          928    i.get_num_jobs      edf.o
    0x00000ea4   0x00000ea4   0x00000020   Code   RO          713    i.get_pool_size     buddy_system.o
    0x00000ec4   0x00000ec4   0x00000060   Code   RO          829    i.get_prio_idx      ready_queue.o
    0x00000f24   0x00000f24   0x00000028   Code   RO          714    i.get_start_addr    buddy_system.o
    0x00000f4c   0x00000f4c   0x00000048   Code   RO          188    i.get_tick          timer.o
    0x00000f94   0x00000f94   0x00000020   Code   RO          715    i.get_tree_height   buddy_system.o
    0x00000fb4   0x00000fb4   0x00000096   Code   RO         1182    i.handleMail        wall_clock_task.o
    0x0000104a   0x0000104a   0x00000020   Code   RO          963    i.i2a               printf.o
    0x0000106a   0x0000106a   0x00000002   PAD
    0x0000106c   0x0000106c   0x0000007c   Code   RO         1526    i.init_ae_tsk_test  ae-lib-sim.lib(ae_tasks9_g33.o)
    0x000010e8   0x000010e8   0x00000014   Code   RO          964    i.init_printf       printf.o
    0x000010fc   0x000010fc   0x00000044   Code   RO          786    i.insert_node       free_list.o
    0x00001140   0x00001140   0x00000070   Code   RO          830    i.insert_rt_queue   ready_queue.o
    0x000011b0   0x000011b0   0x00000038   Code   RO          385    i.irq_receive       k_msg.o
    0x000011e8   0x000011e8   0x0000006c   Code   RO          386    i.irq_send_to_KCD   k_msg.o
    0x00001254   0x00001254   0x00000012   Code   RO         1183    i.isNumChar         wall_clock_task.o
    0x00001266   0x00001266   0x00000002   PAD
    0x00001268   0x00001268   0x0000002c   Code   RO          310    i.k_alloc_p_stack   k_mem.o
    0x00001294   0x00001294   0x0000001c   Code   RO          517    i.k_con_init        k_task.o
    0x000012b0   0x000012b0   0x0000001c   Code   RO          518    i.k_kcd_init        k_task.o
    0x000012cc   0x000012cc   0x00000074   Code   RO          387    i.k_mbx_create      k_msg.o
    0x00001340   0x00001340   0x0000004c   Code   RO          388    i.k_mbx_get         k_msg.o
    0x0000138c   0x0000138c   0x0000005c   Code   RO          389    i.k_mbx_ls          k_msg.o
    0x000013e8   0x000013e8   0x00000040   Code   RO          311    i.k_mem_init        k_mem.o
    0x00001428   0x00001428   0x000000e8   Code   RO          312    i.k_mpool_alloc     k_mem.o
    0x00001510   0x00001510   0x000000b0   Code   RO          313    i.k_mpool_create    k_mem.o
    0x000015c0   0x000015c0   0x0000012c   Code   RO          314    i.k_mpool_dealloc   k_mem.o
    0x000016ec   0x000016ec   0x0000008c   Code   RO          315    i.k_mpool_dump      k_mem.o
    0x00001778   0x00001778   0x00000024   Code   RO          464    i.k_pre_rtx_init    k_rtx_init.o
    0x0000179c   0x0000179c   0x00000074   Code   RO          390    i.k_recv_msg        k_msg.o
    0x00001810   0x00001810   0x000000c0   Code   RO          391    i.k_recv_msg_nb     k_msg.o
    0x000018d0   0x000018d0   0x00000064   Code   RO          519    i.k_rt_tsk_get      k_task.o
    0x00001934   0x00001934   0x00000088   Code   RO          520    i.k_rt_tsk_set      k_task.o
    0x000019bc   0x000019bc   0x000000d8   Code   RO          521    i.k_rt_tsk_susp     k_task.o
    0x00001a94   0x00001a94   0x00000184   Code   RO          465    i.k_rtx_init        k_rtx_init.o
    0x00001c18   0x00001c18   0x00000158   Code   RO          392    i.k_send_msg        k_msg.o
    0x00001d70   0x00001d70   0x00000148   Code   RO          393    i.k_send_msg_nb     k_msg.o
    0x00001eb8   0x00001eb8   0x000000d0   Code   RO          522    i.k_tsk_create      k_task.o
    0x00001f88   0x00001f88   0x0000012c   Code   RO          523    i.k_tsk_create_new  k_task.o
    0x000020b4   0x000020b4   0x00000084   Code   RO          524    i.k_tsk_exit        k_task.o
    0x00002138   0x00002138   0x0000008c   Code   RO          525    i.k_tsk_get         k_task.o
    0x000021c4   0x000021c4   0x00000010   Code   RO          526    i.k_tsk_gettid      k_task.o
    0x000021d4   0x000021d4   0x00000144   Code   RO          527    i.k_tsk_init        k_task.o
    0x00002318   0x00002318   0x0000001c   Code   RO          528    i.k_tsk_init_first  k_task.o
    0x00002334   0x00002334   0x00000058   Code   RO          529    i.k_tsk_ls          k_task.o
    0x0000238c   0x0000238c   0x00000058   Code   RO          530    i.k_tsk_run_new     k_task.o
    0x000023e4   0x000023e4   0x0000017c   Code   RO          531    i.k_tsk_set_prio    k_task.o
    0x00002560   0x00002560   0x0000002c   Code   RO          532    i.k_tsk_yield       k_task.o
    0x0000258c   0x0000258c   0x0000001c   Code   RO          533    i.k_wallclk_init    k_task.o
    0x000025a8   0x000025a8   0x00000078   Code   RO         1352    i.main              ae-lib-sim.lib(main.o)
    0x00002620   0x00002620   0x00000018   Code   RO          929    i.missed_deadline   edf.o
    0x00002638   0x00002638   0x00000018   Code   RO         1060    i.obtainTask        kcd_task.o
    0x00002650   0x00002650   0x0000004a   Code   RO          880    i.popData_RingBuffer  ring_buffer.o
    0x0000269a   0x0000269a   0x00000040   Code   RO          881    i.popMessage_RingBuffer  ring_buffer.o
    0x000026da   0x000026da   0x00000002   PAD
    0x000026dc   0x000026dc   0x00000044   Code   RO          787    i.print_and_count_list  free_list.o
    0x00002720   0x00002720   0x00000070   Code   RO         1630    i.print_log         ae-lib-sim.lib(ae_util.o)
    0x00002790   0x00002790   0x00000120   Code   RO         1631    i.print_results     ae-lib-sim.lib(ae_util.o)
    0x000028b0   0x000028b0   0x0000002c   Code   RO         1632    i.print_summary     ae-lib-sim.lib(ae_util.o)
    0x000028dc   0x000028dc   0x000000d0   Code   RO         1061    i.processKeyIn      kcd_task.o
    0x000029ac   0x000029ac   0x00000188   Code   RO         1062    i.processLCommand   kcd_task.o
    0x00002b34   0x00002b34   0x0000002a   Code   RO         1063    i.processRegister   kcd_task.o
    0x00002b5e   0x00002b5e   0x000000b2   Code   RO         1064    i.processString     kcd_task.o
    0x00002c10   0x00002c10   0x00000038   Code   RO         1633    i.process_sub_result  ae-lib-sim.lib(ae_util.o)
    0x00002c48   0x00002c48   0x00000042   Code   RO          882    i.pushData_RingBuffer  ring_buffer.o
    0x00002c8a   0x00002c8a   0x00000002   PAD
    0x00002c8c   0x00002c8c   0x00000044   Code   RO            4    i.putc              uart_polling.o
    0x00002cd0   0x00002cd0   0x00000052   Code   RO          965    i.putchw            printf.o
    0x00002d22   0x00002d22   0x0000000a   Code   RO          966    i.putcp             printf.o
    0x00002d2c   0x00002d2c   0x0000001a   Code   RO          884    i.readMessageSize_RingBuffer  ring_buffer.o
    0x00002d46   0x00002d46   0x00000002   PAD
    0x00002d48   0x00002d48   0x00000018   Code   RO         1065    i.registerTask      kcd_task.o
    0x00002d60   0x00002d60   0x00000066   Code   RO          831    i.remove_from_queue  ready_queue.o
    0x00002dc6   0x00002dc6   0x00000002   PAD
    0x00002dc8   0x00002dc8   0x0000001c   Code   RO         1184    i.reset_clock       wall_clock_task.o
    0x00002de4   0x00002de4   0x00000030   Code   RO          534    i.scheduler         k_task.o
    0x00002e14   0x00002e14   0x0000006c   Code   RO          394    i.scheduler_waiting  k_msg.o
    0x00002e80   0x00002e80   0x00000074   Code   RO         1066    i.send_error        kcd_task.o
    0x00002ef4   0x00002ef4   0x0000008c   Code   RO         1185    i.setClockText      wall_clock_task.o
    0x00002f80   0x00002f80   0x0000001c   Code   RO         1527    i.set_ae_init_tasks  ae-lib-sim.lib(ae_tasks9_g33.o)
    0x00002f9c   0x00002f9c   0x0000004c   Code   RO         1528    i.set_ae_tasks      ae-lib-sim.lib(ae_tasks9_g33.o)
    0x00002fe8   0x00002fe8   0x00000024   Code   RO          666    i.set_bit           bitheap.o
    0x0000300c   0x0000300c   0x00000010   Code   RO         1067    i.stateToChar       kcd_task.o
    0x0000301c   0x0000301c   0x00000010   Code   RO         1186    i.strcpy            wall_clock_task.o
    0x0000302c   0x0000302c   0x00000020   Code   RO         1634    i.strcpy            ae-lib-sim.lib(ae_util.o)
    0x0000304c   0x0000304c   0x00000010   Code   RO         1068    i.strlen            kcd_task.o
    0x0000305c   0x0000305c   0x00000010   Code   RO         1187    i.strlen            wall_clock_task.o
    0x0000306c   0x0000306c   0x00000360   Code   RO         1529    i.task1             ae-lib-sim.lib(ae_tasks9_g33.o)
    0x000033cc   0x000033cc   0x000002e0   Code   RO         1530    i.task2             ae-lib-sim.lib(ae_tasks9_g33.o)
    0x000036ac   0x000036ac   0x000000bc   Code   RO         1026    i.task_cdisp        cdisp_task.o
    0x00003768   0x00003768   0x00000068   Code   RO         1069    i.task_kcd          kcd_task.o
    0x000037d0   0x000037d0   0x00000006   Code   RO         1154    i.task_null         null_task.o
    0x000037d6   0x000037d6   0x00000002   PAD
    0x000037d8   0x000037d8   0x000000a8   Code   RO         1188    i.task_wall_clock   wall_clock_task.o
    0x00003880   0x00003880   0x0000006c   Code   RO         1635    i.test_abort        ae-lib-sim.lib(ae_util.o)
    0x000038ec   0x000038ec   0x00000024   Code   RO         1636    i.test_exit         ae-lib-sim.lib(ae_util.o)
    0x00003910   0x00003910   0x00000128   Code   RO          967    i.tfp_format        printf.o
    0x00003a38   0x00003a38   0x0000002c   Code   RO          968    i.tfp_printf        printf.o
    0x00003a64   0x00003a64   0x0000002c   Code   RO          969    i.tfp_sprintf       printf.o
    0x00003a90   0x00003a90   0x00000050   Code   RO         1189    i.tick              wall_clock_task.o
    0x00003ae0   0x00003ae0   0x00000098   Code   RO          189    i.timer_freerun_init  timer.o
    0x00003b78   0x00003b78   0x00000080   Code   RO          190    i.timer_irq_init    timer.o
    0x00003bf8   0x00003bf8   0x00000034   Code   RO          930    i.timeval_to_tick   edf.o
    0x00003c2c   0x00003c2c   0x0000006c   Code   RO            6    i.uart_init         uart_polling.o
    0x00003c98   0x00003c98   0x000000bc   Code   RO           89    i.uart_irq_init     uart_irq.o
    0x00003d54   0x00003d54   0x00000034   Code   RO            7    i.uart_put_char     uart_polling.o
    0x00003d88   0x00003d88   0x00000026   Code   RO            8    i.uart_put_string   uart_polling.o
    0x00003dae   0x00003dae   0x00000056   Code   RO          970    i.ui2a              printf.o
    0x00003e04   0x00003e04   0x00000044   Code   RO         1532    i.update_exec_seq   ae-lib-sim.lib(ae_tasks9_g33.o)
    0x00003e48   0x00003e48   0x0000006a   Code   RO         1190    i.validateArgFormatWS  wall_clock_task.o
    0x00003eb2   0x00003eb2   0x00000024   Code   RO         1070    i.validateCommand   kcd_task.o
    0x00003ed6   0x00003ed6   0x00000030   Code   RO         1071    i.validateCommandWRTRegister  kcd_task.o
    0x00003f06   0x00003f06   0x00000002   PAD
    0x00003f08   0x00003f08   0x00000008   Data   RO         1191    .constdata          wall_clock_task.o
    0x00003f10   0x00003f10   0x00000028   Data   RO         1534    .constdata          ae-lib-sim.lib(ae_tasks9_g33.o)
    0x00003f38   0x00003f38   0x00000015   Data   RO         1073    .conststring        kcd_task.o
    0x00003f4d   0x00003f4d   0x00000003   PAD
    0x00003f50   0x00003f50   0x00000010   Data   RO         1192    .conststring        wall_clock_task.o
    0x00003f60   0x00003f60   0x00000043   Data   RO         1535    .conststring        ae-lib-sim.lib(ae_tasks9_g33.o)
    0x00003fa3   0x00003fa3   0x00000001   PAD
    0x00003fa4   0x00003fa4   0x00000020   Data   RO         1746    Region$$Table       anon$$obj.o


    Execution Region RW_IRAM1 (Exec base: 0x10000000, Load base: 0x00003fc4, Size: 0x000015e8, Max: 0x00080000, ABSOLUTE)

    Exec Addr    Load Addr    Size         Type   Attr      Idx    E Section Name        Object

    0x10000000   0x00003fc4   0x00000010   Data   RW           91    .data               uart_irq.o
    0x10000010   0x00003fd4   0x0000000c   Data   RW          191    .data               timer.o
    0x1000001c   0x00003fe0   0x00000004   Data   RW          317    .data               k_mem.o
    0x10000020   0x00003fe4   0x0000000c   Data   RW          467    .data               k_rtx_init.o
    0x1000002c   0x00003ff0   0x00000008   Data   RW          536    .data               k_task.o
    0x10000034   0x00003ff8   0x00000008   Data   RW          971    .data               printf.o
    0x1000003c   0x00004000   0x0000005c   Data   RW         1074    .data               kcd_task.o
    0x10000098   0x0000405c   0x0000001c   Data   RW         1193    .data               wall_clock_task.o
    0x100000b4   0x00004078   0x00000010   Data   RW         1353    .data               ae-lib-sim.lib(main.o)
    0x100000c4   0x00004088   0x00000020   Data   RW         1536    .data               ae-lib-sim.lib(ae_tasks9_g33.o)
    0x100000e4        -       0x00000080   Zero   RW           90    .bss                uart_irq.o
    0x10000164   0x000040a8   0x00000004   PAD
    0x10000168        -       0x000007b8   Zero   RW          316    .bss                k_mem.o
    0x10000920        -       0x000002bc   Zero   RW          466    .bss                k_rtx_init.o
    0x10000bdc   0x000040a8   0x00000004   PAD
    0x10000be0        -       0x00000680   Zero   RW          535    .bss                k_task.o
    0x10001260        -       0x00000040   Zero   RW         1072    .bss                kcd_task.o
    0x100012a0        -       0x00000060   Zero   RW         1467    .bss                c_w.l(libspace.o)
    0x10001300        -       0x000000e2   Zero   RW         1533    .bss                ae-lib-sim.lib(ae_tasks9_g33.o)
    0x100013e2   0x000040a8   0x00000006   PAD
    0x100013e8        -       0x00000000   Zero   RW         1271    HEAP                startup_lpc17xx.o
    0x100013e8        -       0x00000200   Zero   RW         1270    STACK               startup_lpc17xx.o


==============================================================================

Image component sizes


      Code (inc. data)   RO Data    RW Data    ZI Data      Debug   Object Name

        56          0          0          0          0       1496   bitheap.o
       552        154          0          0          0       6288   buddy_system.o
       188         48          0          0          0       1256   cdisp_task.o
       108          6          0          0          0       1615   edf.o
       182         16          0          0          0       2875   free_list.o
       304         24          0          0          0       6908   hal.o
       956        132          0          4       1976       5803   k_mem.o
      1536        154          0          0          0       8400   k_msg.o
       424         38          0         12        700       7680   k_rtx_init.o
      2382        258          0          8       1664      21400   k_task.o
      1268        142         21         92         64      10450   kcd_task.o
         6          0          0          0          0        404   null_task.o
       722         26          0          8          0       6506   printf.o
       564         54          0          0          0       4461   ready_queue.o
       230          0          0          0          0       3200   ring_buffer.o
        64         26        204          0        512       1016   startup_lpc17xx.o
       320         18          0          0          0        581   system_lpc17xx.o
       596         70          0         12          0      31981   timer.o
       598         86          0         16        128      32626   uart_irq.o
       266         62          0          0          0      24289   uart_polling.o
      1150        124         24         28          0       9921   wall_clock_task.o

    ----------------------------------------------------------------------
     12502       1438        284        180       5052     189156   Object Totals
         0          0         32          0          0          0   (incl. Generated)
        30          0          3          0          8          0   (incl. Padding)

    ----------------------------------------------------------------------

      Code (inc. data)   RO Data    RW Data    ZI Data      Debug   Library Member Name

        96          0          0          0          0       4863   ae.o
      2016        758        107         32        226       7294   ae_tasks9_g33.o
       742        390          0          0          0       5766   ae_util.o
       120         20          0         16          0       5383   main.o
         8          0          0          0          0         68   __main.o
         0          0          0          0          0          0   __rtentry.o
        12          0          0          0          0          0   __rtentry2.o
         6          0          0          0          0          0   __rtentry4.o
        52          8          0          0          0          0   __scatter.o
        26          0          0          0          0          0   __scatter_copy.o
        28          0          0          0          0          0   __scatter_zi.o
        18          0          0          0          0         80   exit.o
         6          0          0          0          0        152   heapauxi.o
         0          0          0          0          0          0   indicate_semi.o
         2          0          0          0          0          0   libinit.o
         2          0          0          0          0          0   libinit2.o
         2          0          0          0          0          0   libshutdown.o
         2          0          0          0          0          0   libshutdown2.o
         8          4          0          0         96         68   libspace.o
        78          0          0          0          0         80   rt_memclr_w.o
       100          0          0          0          0         80   rt_memcpy_w.o
         2          0          0          0          0          0   rtexit.o
        10          0          0          0          0          0   rtexit2.o
        12          4          0          0          0         68   sys_exit.o
        74          0          0          0          0         80   sys_stackheap_outer.o
         2          0          0          0          0         68   use_no_semi.o

    ----------------------------------------------------------------------
      3430       1184        108         48        328      24050   Library Totals
         6          0          1          0          6          0   (incl. Padding)

    ----------------------------------------------------------------------

      Code (inc. data)   RO Data    RW Data    ZI Data      Debug   Library Name

      2974       1168        107         48        226      23306   ae-lib-sim.lib
       450         16          0          0         96        744   c_w.l

    ----------------------------------------------------------------------
      3430       1184        108         48        328      24050   Library Totals

    ----------------------------------------------------------------------

==============================================================================


      Code (inc. data)   RO Data    RW Data    ZI Data      Debug   

     15932       2622        392        228       5380     205766   Grand Totals
     15932       2622        392        228       5380     205766   ELF Image Totals
     15932       2622        392        228          0          0   ROM Totals

==============================================================================

    Total RO  Size (Code + RO Data)                16324 (  15.94kB)
    Total RW  Size (RW Data + ZI Data)              5608 (   5.48kB)
    Total ROM Size (Code + RO Data + RW Data)      16552 (  16.16kB)

==============================================================================

